Archive member included to satisfy reference by file (symbol)

c:/program files (x86)/gnu tools arm embedded/7 2018-q2-update/bin/../lib/gcc/arm-none-eabi/7.3.1/../../../../arm-none-eabi/lib/thumb/v7e-m/fpv4-sp/hard\libc_nano.a(lib_a-exit.o)
                              c:/program files (x86)/gnu tools arm embedded/7 2018-q2-update/bin/../lib/gcc/arm-none-eabi/7.3.1/../../../../arm-none-eabi/lib/thumb/v7e-m/fpv4-sp/hard/crt0.o (exit)
c:/program files (x86)/gnu tools arm embedded/7 2018-q2-update/bin/../lib/gcc/arm-none-eabi/7.3.1/../../../../arm-none-eabi/lib/thumb/v7e-m/fpv4-sp/hard\libc_nano.a(lib_a-impure.o)
                              c:/program files (x86)/gnu tools arm embedded/7 2018-q2-update/bin/../lib/gcc/arm-none-eabi/7.3.1/../../../../arm-none-eabi/lib/thumb/v7e-m/fpv4-sp/hard\libc_nano.a(lib_a-exit.o) (_global_impure_ptr)
c:/program files (x86)/gnu tools arm embedded/7 2018-q2-update/bin/../lib/gcc/arm-none-eabi/7.3.1/../../../../arm-none-eabi/lib/thumb/v7e-m/fpv4-sp/hard\libc_nano.a(lib_a-init.o)
                              c:/program files (x86)/gnu tools arm embedded/7 2018-q2-update/bin/../lib/gcc/arm-none-eabi/7.3.1/../../../../arm-none-eabi/lib/thumb/v7e-m/fpv4-sp/hard/crt0.o (__libc_init_array)
c:/program files (x86)/gnu tools arm embedded/7 2018-q2-update/bin/../lib/gcc/arm-none-eabi/7.3.1/../../../../arm-none-eabi/lib/thumb/v7e-m/fpv4-sp/hard\libc_nano.a(lib_a-locale.o)
                              _build/nrf52832_xxaa/nrf_log_str_formatter.c.o (__locale_ctype_ptr)
c:/program files (x86)/gnu tools arm embedded/7 2018-q2-update/bin/../lib/gcc/arm-none-eabi/7.3.1/../../../../arm-none-eabi/lib/thumb/v7e-m/fpv4-sp/hard\libc_nano.a(lib_a-mbtowc_r.o)
                              c:/program files (x86)/gnu tools arm embedded/7 2018-q2-update/bin/../lib/gcc/arm-none-eabi/7.3.1/../../../../arm-none-eabi/lib/thumb/v7e-m/fpv4-sp/hard\libc_nano.a(lib_a-locale.o) (__ascii_mbtowc)
c:/program files (x86)/gnu tools arm embedded/7 2018-q2-update/bin/../lib/gcc/arm-none-eabi/7.3.1/../../../../arm-none-eabi/lib/thumb/v7e-m/fpv4-sp/hard\libc_nano.a(lib_a-memcmp.o)
                              _build/nrf52832_xxaa/ble_advdata.c.o (memcmp)
c:/program files (x86)/gnu tools arm embedded/7 2018-q2-update/bin/../lib/gcc/arm-none-eabi/7.3.1/../../../../arm-none-eabi/lib/thumb/v7e-m/fpv4-sp/hard\libc_nano.a(lib_a-memcpy-stub.o)
                              _build/nrf52832_xxaa/nrf_log_frontend.c.o (memcpy)
c:/program files (x86)/gnu tools arm embedded/7 2018-q2-update/bin/../lib/gcc/arm-none-eabi/7.3.1/../../../../arm-none-eabi/lib/thumb/v7e-m/fpv4-sp/hard\libc_nano.a(lib_a-memset.o)
                              c:/program files (x86)/gnu tools arm embedded/7 2018-q2-update/bin/../lib/gcc/arm-none-eabi/7.3.1/../../../../arm-none-eabi/lib/thumb/v7e-m/fpv4-sp/hard/crt0.o (memset)
c:/program files (x86)/gnu tools arm embedded/7 2018-q2-update/bin/../lib/gcc/arm-none-eabi/7.3.1/../../../../arm-none-eabi/lib/thumb/v7e-m/fpv4-sp/hard\libc_nano.a(lib_a-strcmp.o)
                              c:/program files (x86)/gnu tools arm embedded/7 2018-q2-update/bin/../lib/gcc/arm-none-eabi/7.3.1/../../../../arm-none-eabi/lib/thumb/v7e-m/fpv4-sp/hard\libc_nano.a(lib_a-locale.o) (strcmp)
c:/program files (x86)/gnu tools arm embedded/7 2018-q2-update/bin/../lib/gcc/arm-none-eabi/7.3.1/../../../../arm-none-eabi/lib/thumb/v7e-m/fpv4-sp/hard\libc_nano.a(lib_a-strcpy.o)
                              _build/nrf52832_xxaa/SEGGER_RTT.c.o (strcpy)
c:/program files (x86)/gnu tools arm embedded/7 2018-q2-update/bin/../lib/gcc/arm-none-eabi/7.3.1/../../../../arm-none-eabi/lib/thumb/v7e-m/fpv4-sp/hard\libc_nano.a(lib_a-strlen.o)
                              _build/nrf52832_xxaa/nrf_log_frontend.c.o (strlen)
c:/program files (x86)/gnu tools arm embedded/7 2018-q2-update/bin/../lib/gcc/arm-none-eabi/7.3.1/../../../../arm-none-eabi/lib/thumb/v7e-m/fpv4-sp/hard\libc_nano.a(lib_a-wctomb_r.o)
                              c:/program files (x86)/gnu tools arm embedded/7 2018-q2-update/bin/../lib/gcc/arm-none-eabi/7.3.1/../../../../arm-none-eabi/lib/thumb/v7e-m/fpv4-sp/hard\libc_nano.a(lib_a-locale.o) (__ascii_wctomb)
c:/program files (x86)/gnu tools arm embedded/7 2018-q2-update/bin/../lib/gcc/arm-none-eabi/7.3.1/../../../../arm-none-eabi/lib/thumb/v7e-m/fpv4-sp/hard\libc_nano.a(lib_a-ctype_.o)
                              c:/program files (x86)/gnu tools arm embedded/7 2018-q2-update/bin/../lib/gcc/arm-none-eabi/7.3.1/../../../../arm-none-eabi/lib/thumb/v7e-m/fpv4-sp/hard\libc_nano.a(lib_a-locale.o) (_ctype_)
c:/program files (x86)/gnu tools arm embedded/7 2018-q2-update/bin/../lib/gcc/arm-none-eabi/7.3.1/../../../../arm-none-eabi/lib/thumb/v7e-m/fpv4-sp/hard\libnosys.a(_exit.o)
                              c:/program files (x86)/gnu tools arm embedded/7 2018-q2-update/bin/../lib/gcc/arm-none-eabi/7.3.1/../../../../arm-none-eabi/lib/thumb/v7e-m/fpv4-sp/hard\libc_nano.a(lib_a-exit.o) (_exit)

Allocating common symbols
[...]
Memory Configuration

Name             Origin             Length             Attributes
FLASH            0x00026000         0x0005a000         xr
RAM              0x200022b8         0x0000dd48         xrw
*default*        0x00000000         0xffffffff

Linker script and memory map


.text           0x00026000     0xabe0
 *(.isr_vector)
 .isr_vector    0x00026000      0x200 _build/nrf52832_xxaa/gcc_startup_nrf52.S.o
                0x00026000                __isr_vector
 *(.text*)
 .text          0x00026200       0x40 c:/program files (x86)/gnu tools arm embedded/7 2018-q2-update/bin/../lib/gcc/arm-none-eabi/7.3.1/thumb/v7e-m/fpv4-sp/hard/crtbegin.o
 .text          0x00026240       0x74 c:/program files (x86)/gnu tools arm embedded/7 2018-q2-update/bin/../lib/gcc/arm-none-eabi/7.3.1/../../../../arm-none-eabi/lib/thumb/v7e-m/fpv4-sp/hard/crt0.o
                0x00026240                _start
                0x00026240                _mainCRTStartup
 .text          0x000262b4       0x3c _build/nrf52832_xxaa/gcc_startup_nrf52.S.o
                0x000262b4                Reset_Handler
                0x000262dc                NMI_Handler
                0x000262de                HardFault_Handler
                0x000262e0                MemoryManagement_Handler
                0x000262e2                BusFault_Handler
                0x000262e4                UsageFault_Handler
                0x000262e6                SVC_Handler
                0x000262e8                DebugMon_Handler
                0x000262ea                PendSV_Handler
                0x000262ec                SysTick_Handler
                0x000262ee                TEMP_IRQHandler
                0x000262ee                QDEC_IRQHandler
                0x000262ee                TIMER3_IRQHandler
                0x000262ee                FPU_IRQHandler
                0x000262ee                SPIM0_SPIS0_TWIM0_TWIS0_SPI0_TWI0_IRQHandler
                0x000262ee                PDM_IRQHandler
                0x000262ee                TIMER4_IRQHandler
                0x000262ee                I2S_IRQHandler
                0x000262ee                SWI4_EGU4_IRQHandler
                0x000262ee                TIMER0_IRQHandler
                0x000262ee                RADIO_IRQHandler
                0x000262ee                RTC0_IRQHandler
                0x000262ee                PWM2_IRQHandler
                0x000262ee                ECB_IRQHandler
                0x000262ee                SPIM1_SPIS1_TWIM1_TWIS1_SPI1_TWI1_IRQHandler
                0x000262ee                Default_Handler
                0x000262ee                SAADC_IRQHandler
                0x000262ee                CCM_AAR_IRQHandler
                0x000262ee                WDT_IRQHandler
                0x000262ee                PWM1_IRQHandler
                0x000262ee                SWI5_EGU5_IRQHandler
                0x000262ee                RNG_IRQHandler
                0x000262ee                RTC2_IRQHandler
                0x000262ee                PWM0_IRQHandler
                0x000262ee                SWI3_EGU3_IRQHandler
                0x000262ee                SWI1_EGU1_IRQHandler
                0x000262ee                SPIM2_SPIS2_SPI2_IRQHandler
                0x000262ee                NFCT_IRQHandler
                0x000262ee                TIMER1_IRQHandler
                0x000262ee                MWU_IRQHandler
                0x000262ee                TIMER2_IRQHandler
                0x000262ee                COMP_LPCOMP_IRQHandler
 .text.nrf_log_backend_serial_put
                0x000262f0      0x132 _build/nrf52832_xxaa/nrf_log_backend_serial.c.o
                0x000262f0                nrf_log_backend_serial_put
 *fill*         0x00026422        0x2 
 .text.nrf_drv_uart_uninit
                0x00026424       0x48 _build/nrf52832_xxaa/nrf_log_backend_uart.c.o
 .text.nrf_drv_uart_tx
                0x0002646c       0x60 _build/nrf52832_xxaa/nrf_log_backend_uart.c.o
 .text.uart_evt_handler
                0x000264cc       0x20 _build/nrf52832_xxaa/nrf_log_backend_uart.c.o
 .text.uart_init
                0x000264ec       0x84 _build/nrf52832_xxaa/nrf_log_backend_uart.c.o
 .text.nrf_log_backend_uart_init
                0x00026570       0x1a _build/nrf52832_xxaa/nrf_log_backend_uart.c.o
                0x00026570                nrf_log_backend_uart_init
 *fill*         0x0002658a        0x2 
 .text.serial_tx
                0x0002658c       0x64 _build/nrf52832_xxaa/nrf_log_backend_uart.c.o
 .text.nrf_log_backend_uart_put
                0x000265f0       0x2c _build/nrf52832_xxaa/nrf_log_backend_uart.c.o
 .text.nrf_log_backend_uart_flush
                0x0002661c       0x14 _build/nrf52832_xxaa/nrf_log_backend_uart.c.o
 .text.nrf_log_backend_uart_panic_set
                0x00026630       0x20 _build/nrf52832_xxaa/nrf_log_backend_uart.c.o
 .text.nrf_log_backend_enable
                0x00026650       0x1c _build/nrf52832_xxaa/nrf_log_default_backends.c.o
 .text.nrf_log_default_backends_init
                0x0002666c       0x2c _build/nrf52832_xxaa/nrf_log_default_backends.c.o
                0x0002666c                nrf_log_default_backends_init
 .text.nrf_log_backend_put
                0x00026698       0x1e _build/nrf52832_xxaa/nrf_log_frontend.c.o
 .text.nrf_log_backend_panic_set
                0x000266b6       0x1a _build/nrf52832_xxaa/nrf_log_frontend.c.o
 .text.nrf_log_backend_flush
                0x000266d0       0x1a _build/nrf52832_xxaa/nrf_log_frontend.c.o
 .text.nrf_log_backend_id_set
                0x000266ea       0x20 _build/nrf52832_xxaa/nrf_log_frontend.c.o
 .text.nrf_log_backend_id_get
                0x0002670a       0x1a _build/nrf52832_xxaa/nrf_log_frontend.c.o
 .text.nrf_log_backend_enable
                0x00026724       0x1c _build/nrf52832_xxaa/nrf_log_frontend.c.o
 .text.nrf_log_backend_is_enabled
                0x00026740       0x1a _build/nrf52832_xxaa/nrf_log_frontend.c.o
 *fill*         0x0002675a        0x2 
 .text.nrf_log_init
                0x0002675c       0x74 _build/nrf52832_xxaa/nrf_log_frontend.c.o
                0x0002675c                nrf_log_init
 .text.nrf_log_module_cnt_get
                0x000267d0       0x20 _build/nrf52832_xxaa/nrf_log_frontend.c.o
                0x000267d0                nrf_log_module_cnt_get
 .text.module_idx_get
                0x000267f0       0x60 _build/nrf52832_xxaa/nrf_log_frontend.c.o
 .text.nrf_log_module_name_get
                0x00026850       0x3c _build/nrf52832_xxaa/nrf_log_frontend.c.o
                0x00026850                nrf_log_module_name_get
 .text.nrf_log_color_id_get
                0x0002688c       0x68 _build/nrf52832_xxaa/nrf_log_frontend.c.o
                0x0002688c                nrf_log_color_id_get
 .text.invalid_packets_omit
                0x000268f4       0x72 _build/nrf52832_xxaa/nrf_log_frontend.c.o
 *fill*         0x00026966        0x2 
 .text.log_skip
                0x00026968       0xf8 _build/nrf52832_xxaa/nrf_log_frontend.c.o
 .text.dropped_sat16_get
                0x00026a60       0x2c _build/nrf52832_xxaa/nrf_log_frontend.c.o
 .text.std_header_set
                0x00026a8c       0x9c _build/nrf52832_xxaa/nrf_log_frontend.c.o
 .text.buf_prealloc
                0x00026b28      0x114 _build/nrf52832_xxaa/nrf_log_frontend.c.o
 .text.std_n    0x00026c3c       0x94 _build/nrf52832_xxaa/nrf_log_frontend.c.o
 .text.nrf_log_frontend_std_0
                0x00026cd0       0x1e _build/nrf52832_xxaa/nrf_log_frontend.c.o
                0x00026cd0                nrf_log_frontend_std_0
 .text.nrf_log_frontend_std_1
                0x00026cee       0x26 _build/nrf52832_xxaa/nrf_log_frontend.c.o
                0x00026cee                nrf_log_frontend_std_1
 .text.nrf_log_frontend_std_2
                0x00026d14       0x2c _build/nrf52832_xxaa/nrf_log_frontend.c.o
                0x00026d14                nrf_log_frontend_std_2
 .text.buffer_is_empty
                0x00026d40       0x24 _build/nrf52832_xxaa/nrf_log_frontend.c.o
                0x00026d40                buffer_is_empty
 .text.nrf_log_frontend_dequeue
                0x00026d64      0x380 _build/nrf52832_xxaa/nrf_log_frontend.c.o
                0x00026d64                nrf_log_frontend_dequeue
 .text.backend_id_assign
                0x000270e4       0x64 _build/nrf52832_xxaa/nrf_log_frontend.c.o
 .text.nrf_log_backend_add
                0x00027148       0x70 _build/nrf52832_xxaa/nrf_log_frontend.c.o
                0x00027148                nrf_log_backend_add
 .text.nrf_log_panic
                0x000271b8       0x40 _build/nrf52832_xxaa/nrf_log_frontend.c.o
                0x000271b8                nrf_log_panic
 .text.timestamp_print
                0x000271f8       0x16 _build/nrf52832_xxaa/nrf_log_str_formatter.c.o
 *fill*         0x0002720e        0x2 
 .text.prefix_process
                0x00027210       0xb4 _build/nrf52832_xxaa/nrf_log_str_formatter.c.o
 .text.postfix_process
                0x000272c4       0x60 _build/nrf52832_xxaa/nrf_log_str_formatter.c.o
 .text.nrf_log_std_entry_process
                0x00027324      0x144 _build/nrf52832_xxaa/nrf_log_str_formatter.c.o
                0x00027324                nrf_log_std_entry_process
 .text.nrf_log_hexdump_entry_process
                0x00027468       0xf0 _build/nrf52832_xxaa/nrf_log_str_formatter.c.o
                0x00027468                nrf_log_hexdump_entry_process
 .text.detection_delay_timeout_handler
                0x00027558      0x188 _build/nrf52832_xxaa/app_button.c.o
 .text.gpiote_event_handler
                0x000276e0      0x108 _build/nrf52832_xxaa/app_button.c.o
 .text.app_button_init
                0x000277e8       0xf0 _build/nrf52832_xxaa/app_button.c.o
                0x000277e8                app_button_init
 .text.app_button_enable
                0x000278d8       0x44 _build/nrf52832_xxaa/app_button.c.o
                0x000278d8                app_button_enable
 .text.app_button_disable
                0x0002791c       0x50 _build/nrf52832_xxaa/app_button.c.o
                0x0002791c                app_button_disable
 .text.app_error_handler_bare
                0x0002796c       0x2c _build/nrf52832_xxaa/app_error.c.o
                0x0002796c                app_error_handler_bare
 .text.NVIC_SystemReset
                0x00027998       0x28 _build/nrf52832_xxaa/app_error_weak.c.o
 .text.app_error_fault_handler
                0x000279c0       0x78 _build/nrf52832_xxaa/app_error_weak.c.o
                0x000279c0                app_error_fault_handler
 .text.NVIC_EnableIRQ
                0x00027a38       0x34 _build/nrf52832_xxaa/app_timer.c.o
 .text.NVIC_DisableIRQ
                0x00027a6c       0x34 _build/nrf52832_xxaa/app_timer.c.o
 .text.NVIC_SetPendingIRQ
                0x00027aa0       0x34 _build/nrf52832_xxaa/app_timer.c.o
 .text.NVIC_ClearPendingIRQ
                0x00027ad4       0x34 _build/nrf52832_xxaa/app_timer.c.o
 .text.NVIC_SetPriority
                0x00027b08       0x54 _build/nrf52832_xxaa/app_timer.c.o
 .text.nrfx_coredep_delay_us
                0x00027b5c       0x30 _build/nrf52832_xxaa/app_timer.c.o
 .text.rtc1_init
                0x00027b8c       0x24 _build/nrf52832_xxaa/app_timer.c.o
 .text.rtc1_start
                0x00027bb0       0x44 _build/nrf52832_xxaa/app_timer.c.o
 .text.rtc1_stop
                0x00027bf4       0x54 _build/nrf52832_xxaa/app_timer.c.o
 .text.rtc1_counter_get
                0x00027c48       0x18 _build/nrf52832_xxaa/app_timer.c.o
 .text.ticks_diff_get
                0x00027c60       0x20 _build/nrf52832_xxaa/app_timer.c.o
 .text.rtc1_compare0_set
                0x00027c80       0x20 _build/nrf52832_xxaa/app_timer.c.o
 .text.timer_list_insert
                0x00027ca0       0xb4 _build/nrf52832_xxaa/app_timer.c.o
 .text.timer_list_remove
                0x00027d54       0xc0 _build/nrf52832_xxaa/app_timer.c.o
 .text.timer_timeouts_check_sched
                0x00027e14        0xe _build/nrf52832_xxaa/app_timer.c.o
 .text.timer_list_handler_sched
                0x00027e22        0xe _build/nrf52832_xxaa/app_timer.c.o
 .text.timeout_handler_exec
                0x00027e30       0x1c _build/nrf52832_xxaa/app_timer.c.o
 .text.timer_timeouts_check
                0x00027e4c       0xc8 _build/nrf52832_xxaa/app_timer.c.o
 .text.elapsed_ticks_acquire
                0x00027f14       0x80 _build/nrf52832_xxaa/app_timer.c.o
 .text.expired_timers_handler
                0x00027f94       0x9c _build/nrf52832_xxaa/app_timer.c.o
 .text.list_insertions_handler
                0x00028030      0x1b8 _build/nrf52832_xxaa/app_timer.c.o
 .text.compare_reg_update
                0x000281e8       0xb4 _build/nrf52832_xxaa/app_timer.c.o
 .text.timer_list_handler
                0x0002829c       0x74 _build/nrf52832_xxaa/app_timer.c.o
 .text.user_op_enque
                0x00028310       0x20 _build/nrf52832_xxaa/app_timer.c.o
 .text.user_op_alloc
                0x00028330       0x5c _build/nrf52832_xxaa/app_timer.c.o
 .text.timer_start_op_schedule
                0x0002838c       0x84 _build/nrf52832_xxaa/app_timer.c.o
 .text.timer_stop_op_schedule
                0x00028410       0x66 _build/nrf52832_xxaa/app_timer.c.o
 *fill*         0x00028476        0x2 
 .text.RTC1_IRQHandler
                0x00028478       0x40 _build/nrf52832_xxaa/app_timer.c.o
                0x00028478                RTC1_IRQHandler
 .text.SWI0_EGU0_IRQHandler
                0x000284b8        0xc _build/nrf52832_xxaa/app_timer.c.o
                0x000284b8                SWI0_EGU0_IRQHandler
 .text.app_timer_init
                0x000284c4       0x6c _build/nrf52832_xxaa/app_timer.c.o
                0x000284c4                app_timer_init
 .text.app_timer_create
                0x00028530       0x68 _build/nrf52832_xxaa/app_timer.c.o
                0x00028530                app_timer_create
 .text.app_timer_start
                0x00028598       0x68 _build/nrf52832_xxaa/app_timer.c.o
                0x00028598                app_timer_start
 .text.app_timer_stop
                0x00028600       0x48 _build/nrf52832_xxaa/app_timer.c.o
                0x00028600                app_timer_stop
 .text.__sd_nvic_irq_disable
                0x00028648       0x20 _build/nrf52832_xxaa/app_util_platform.c.o
 .text.__sd_nvic_irq_enable
                0x00028668       0x10 _build/nrf52832_xxaa/app_util_platform.c.o
 .text.sd_nvic_critical_region_enter
                0x00028678       0x74 _build/nrf52832_xxaa/app_util_platform.c.o
 .text.sd_nvic_critical_region_exit
                0x000286ec       0x50 _build/nrf52832_xxaa/app_util_platform.c.o
 .text.app_util_critical_region_enter
                0x0002873c       0x16 _build/nrf52832_xxaa/app_util_platform.c.o
                0x0002873c                app_util_critical_region_enter
 .text.app_util_critical_region_exit
                0x00028752       0x1a _build/nrf52832_xxaa/app_util_platform.c.o
                0x00028752                app_util_critical_region_exit
 .text.nrf_atflags_set
                0x0002876c       0x30 _build/nrf52832_xxaa/nrf_atflags.c.o
                0x0002876c                nrf_atflags_set
 .text.nrf_atflags_clear
                0x0002879c       0x32 _build/nrf52832_xxaa/nrf_atflags.c.o
                0x0002879c                nrf_atflags_clear
 .text.nrf_atflags_get
                0x000287ce       0x3a _build/nrf52832_xxaa/nrf_atflags.c.o
                0x000287ce                nrf_atflags_get
 .text.nrf_atomic_u32_fetch_store
                0x00028808       0x30 _build/nrf52832_xxaa/nrf_atomic.c.o
                0x00028808                nrf_atomic_u32_fetch_store
 .text.nrf_atomic_u32_or
                0x00028838       0x32 _build/nrf52832_xxaa/nrf_atomic.c.o
                0x00028838                nrf_atomic_u32_or
 .text.nrf_atomic_u32_fetch_and
                0x0002886a       0x32 _build/nrf52832_xxaa/nrf_atomic.c.o
                0x0002886a                nrf_atomic_u32_fetch_and
 .text.nrf_atomic_u32_and
                0x0002889c       0x32 _build/nrf52832_xxaa/nrf_atomic.c.o
                0x0002889c                nrf_atomic_u32_and
 .text.nrf_atomic_u32_add
                0x000288ce       0x32 _build/nrf52832_xxaa/nrf_atomic.c.o
                0x000288ce                nrf_atomic_u32_add
 .text.nrf_atomic_u32_sub
                0x00028900       0x32 _build/nrf52832_xxaa/nrf_atomic.c.o
                0x00028900                nrf_atomic_u32_sub
 .text.nrf_atomic_flag_set
                0x00028932       0x1a _build/nrf52832_xxaa/nrf_atomic.c.o
                0x00028932                nrf_atomic_flag_set
 .text.nrf_atomic_flag_clear_fetch
                0x0002894c       0x1a _build/nrf52832_xxaa/nrf_atomic.c.o
                0x0002894c                nrf_atomic_flag_clear_fetch
 .text.nrf_balloc_idx2block
                0x00028966       0x28 _build/nrf52832_xxaa/nrf_balloc.c.o
 .text.nrf_balloc_block2idx
                0x0002898e       0x28 _build/nrf52832_xxaa/nrf_balloc.c.o
 .text.nrf_balloc_init
                0x000289b6       0x5a _build/nrf52832_xxaa/nrf_balloc.c.o
                0x000289b6                nrf_balloc_init
 .text.nrf_balloc_alloc
                0x00028a10       0x76 _build/nrf52832_xxaa/nrf_balloc.c.o
                0x00028a10                nrf_balloc_alloc
 .text.nrf_balloc_free
                0x00028a86       0x42 _build/nrf52832_xxaa/nrf_balloc.c.o
                0x00028a86                nrf_balloc_free
 .text.nrf_fprintf_buffer_flush
                0x00028ac8       0x32 _build/nrf52832_xxaa/nrf_fprintf.c.o
                0x00028ac8                nrf_fprintf_buffer_flush
 .text.nrf_fprintf
                0x00028afa       0x38 _build/nrf52832_xxaa/nrf_fprintf.c.o
                0x00028afa                nrf_fprintf
 .text.buffer_add
                0x00028b32       0x48 _build/nrf52832_xxaa/nrf_fprintf_format.c.o
 .text.string_print
                0x00028b7a       0xb8 _build/nrf52832_xxaa/nrf_fprintf_format.c.o
 *fill*         0x00028c32        0x2 
 .text.unsigned_print
                0x00028c34      0x12c _build/nrf52832_xxaa/nrf_fprintf_format.c.o
 .text.int_print
                0x00028d60      0x11e _build/nrf52832_xxaa/nrf_fprintf_format.c.o
 *fill*         0x00028e7e        0x2 
 .text.nrf_fprintf_fmt
                0x00028e80      0x3ec _build/nrf52832_xxaa/nrf_fprintf_format.c.o
                0x00028e80                nrf_fprintf_fmt
 .text.nrf_memobj_pool_init
                0x0002926c       0x18 _build/nrf52832_xxaa/nrf_memobj.c.o
                0x0002926c                nrf_memobj_pool_init
 .text.nrf_memobj_alloc
                0x00029284       0xac _build/nrf52832_xxaa/nrf_memobj.c.o
                0x00029284                nrf_memobj_alloc
 .text.nrf_memobj_free
                0x00029330       0x6e _build/nrf52832_xxaa/nrf_memobj.c.o
                0x00029330                nrf_memobj_free
 .text.nrf_memobj_get
                0x0002939e       0x20 _build/nrf52832_xxaa/nrf_memobj.c.o
                0x0002939e                nrf_memobj_get
 .text.nrf_memobj_put
                0x000293be       0x38 _build/nrf52832_xxaa/nrf_memobj.c.o
                0x000293be                nrf_memobj_put
 .text.memobj_op
                0x000293f6      0x102 _build/nrf52832_xxaa/nrf_memobj.c.o
 .text.nrf_memobj_write
                0x000294f8       0x2c _build/nrf52832_xxaa/nrf_memobj.c.o
                0x000294f8                nrf_memobj_write
 .text.nrf_memobj_read
                0x00029524       0x2c _build/nrf52832_xxaa/nrf_memobj.c.o
                0x00029524                nrf_memobj_read
 .text.NVIC_ClearPendingIRQ
                0x00029550       0x34 _build/nrf52832_xxaa/nrf_pwr_mgmt.c.o
 .text.nrf_mtx_init
                0x00029584       0x1e _build/nrf52832_xxaa/nrf_pwr_mgmt.c.o
 .text.sd_app_evt_wait
                0x000295a2        0x8 _build/nrf52832_xxaa/nrf_pwr_mgmt.c.o
 .text.pwr_mgmt_fpu_sleep_prepare
                0x000295aa       0x44 _build/nrf52832_xxaa/nrf_pwr_mgmt.c.o
 *fill*         0x000295ee        0x2 
 .text.nrf_pwr_mgmt_init
                0x000295f0       0x30 _build/nrf52832_xxaa/nrf_pwr_mgmt.c.o
                0x000295f0                nrf_pwr_mgmt_init
 .text.nrf_pwr_mgmt_run
                0x00029620       0x2a _build/nrf52832_xxaa/nrf_pwr_mgmt.c.o
                0x00029620                nrf_pwr_mgmt_run
 .text.nrf_ringbuf_init
                0x0002964a       0x44 _build/nrf52832_xxaa/nrf_ringbuf.c.o
                0x0002964a                nrf_ringbuf_init
 .text.nrf_section_iter_init
                0x0002968e       0x3a _build/nrf52832_xxaa/nrf_section_iter.c.o
                0x0002968e                nrf_section_iter_init
 .text.nrf_section_iter_next
                0x000296c8       0x46 _build/nrf52832_xxaa/nrf_section_iter.c.o
                0x000296c8                nrf_section_iter_next
 *fill*         0x0002970e        0x2 
 .text.nrf_strerror_get
                0x00029710       0x28 _build/nrf52832_xxaa/nrf_strerror.c.o
                0x00029710                nrf_strerror_get
 .text.nrf_strerror_find
                0x00029738       0x70 _build/nrf52832_xxaa/nrf_strerror.c.o
                0x00029738                nrf_strerror_find
 .text.NVIC_SystemReset
                0x000297a8       0x28 _build/nrf52832_xxaa/system_nrf52.c.o
 .text.SystemCoreClockUpdate
                0x000297d0       0x1c _build/nrf52832_xxaa/system_nrf52.c.o
                0x000297d0                SystemCoreClockUpdate
 .text.SystemInit
                0x000297ec      0x2d8 _build/nrf52832_xxaa/system_nrf52.c.o
                0x000297ec                SystemInit
 .text.errata_12
                0x00029ac4       0x64 _build/nrf52832_xxaa/system_nrf52.c.o
 .text.errata_16
                0x00029b28       0x44 _build/nrf52832_xxaa/system_nrf52.c.o
 .text.errata_31
                0x00029b6c       0x64 _build/nrf52832_xxaa/system_nrf52.c.o
 .text.errata_32
                0x00029bd0       0x44 _build/nrf52832_xxaa/system_nrf52.c.o
 .text.errata_36
                0x00029c14       0x64 _build/nrf52832_xxaa/system_nrf52.c.o
 .text.errata_37
                0x00029c78       0x44 _build/nrf52832_xxaa/system_nrf52.c.o
 .text.errata_57
                0x00029cbc       0x44 _build/nrf52832_xxaa/system_nrf52.c.o
 .text.errata_66
                0x00029d00       0x44 _build/nrf52832_xxaa/system_nrf52.c.o
 .text.errata_108
                0x00029d44       0x64 _build/nrf52832_xxaa/system_nrf52.c.o
 .text.errata_136
                0x00029da8       0x64 _build/nrf52832_xxaa/system_nrf52.c.o
 .text.errata_182
                0x00029e0c       0x2c _build/nrf52832_xxaa/system_nrf52.c.o
 .text.nrf_gpio_pin_port_decode
                0x00029e38       0x18 _build/nrf52832_xxaa/boards.c.o
 .text.nrf_gpio_cfg
                0x00029e50       0x54 _build/nrf52832_xxaa/boards.c.o
 .text.nrf_gpio_cfg_output
                0x00029ea4       0x24 _build/nrf52832_xxaa/boards.c.o
 .text.nrf_gpio_cfg_input
                0x00029ec8       0x2a _build/nrf52832_xxaa/boards.c.o
 .text.nrf_gpio_pin_set
                0x00029ef2       0x2a _build/nrf52832_xxaa/boards.c.o
 .text.nrf_gpio_pin_clear
                0x00029f1c       0x2a _build/nrf52832_xxaa/boards.c.o
 .text.nrf_gpio_pin_write
                0x00029f46       0x26 _build/nrf52832_xxaa/boards.c.o
 .text.nrf_gpio_port_out_set
                0x00029f6c       0x1e _build/nrf52832_xxaa/boards.c.o
 .text.nrf_gpio_port_out_clear
                0x00029f8a       0x1e _build/nrf52832_xxaa/boards.c.o
 .text.bsp_board_led_on
                0x00029fa8       0x24 _build/nrf52832_xxaa/boards.c.o
                0x00029fa8                bsp_board_led_on
 .text.bsp_board_led_off
                0x00029fcc       0x24 _build/nrf52832_xxaa/boards.c.o
                0x00029fcc                bsp_board_led_off
 .text.bsp_board_leds_off
                0x00029ff0       0x26 _build/nrf52832_xxaa/boards.c.o
                0x00029ff0                bsp_board_leds_off
 *fill*         0x0002a016        0x2 
 .text.bsp_board_leds_init
                0x0002a018       0x38 _build/nrf52832_xxaa/boards.c.o
 .text.bsp_board_buttons_init
                0x0002a050       0x34 _build/nrf52832_xxaa/boards.c.o
 .text.bsp_board_init
                0x0002a084       0x2c _build/nrf52832_xxaa/boards.c.o
                0x0002a084                bsp_board_init
 .text.NVIC_DisableIRQ
                0x0002a0b0       0x34 _build/nrf52832_xxaa/nrf_drv_clock.c.o
 .text.lfclk_stop
                0x0002a0e4       0x18 _build/nrf52832_xxaa/nrf_drv_clock.c.o
 .text.nrf_drv_clock_init
                0x0002a0fc       0x64 _build/nrf52832_xxaa/nrf_drv_clock.c.o
                0x0002a0fc                nrf_drv_clock_init
 .text.item_dequeue
                0x0002a160       0x2a _build/nrf52832_xxaa/nrf_drv_clock.c.o
 *fill*         0x0002a18a        0x2 
 .text.nrf_drv_clock_lfclk_release
                0x0002a18c       0x3c _build/nrf52832_xxaa/nrf_drv_clock.c.o
                0x0002a18c                nrf_drv_clock_lfclk_release
 .text.clock_clk_started_notify
                0x0002a1c8       0x48 _build/nrf52832_xxaa/nrf_drv_clock.c.o
 .text.clock_irq_handler
                0x0002a210       0x3c _build/nrf52832_xxaa/nrf_drv_clock.c.o
 .text.soc_evt_handler
                0x0002a24c       0x28 _build/nrf52832_xxaa/nrf_drv_clock.c.o
 .text.sd_state_evt_handler
                0x0002a274       0x74 _build/nrf52832_xxaa/nrf_drv_clock.c.o
 .text.uarte_evt_handler
                0x0002a2e8       0x50 _build/nrf52832_xxaa/nrf_drv_uart.c.o
 .text.uart_evt_handler
                0x0002a338       0x50 _build/nrf52832_xxaa/nrf_drv_uart.c.o
 .text.nrf_drv_uart_init
                0x0002a388       0xcc _build/nrf52832_xxaa/nrf_drv_uart.c.o
                0x0002a388                nrf_drv_uart_init
 .text.NVIC_EnableIRQ
                0x0002a454       0x34 _build/nrf52832_xxaa/nrfx_clock.c.o
 .text.NVIC_SetPriority
                0x0002a488       0x54 _build/nrf52832_xxaa/nrfx_clock.c.o
 .text.nrfx_get_irq_number
                0x0002a4dc       0x1a _build/nrf52832_xxaa/nrfx_clock.c.o
 .text._NRFX_IRQ_PRIORITY_SET
                0x0002a4f6       0x26 _build/nrf52832_xxaa/nrfx_clock.c.o
 .text._NRFX_IRQ_ENABLE
                0x0002a51c       0x1c _build/nrf52832_xxaa/nrfx_clock.c.o
 .text._NRFX_IRQ_IS_ENABLED
                0x0002a538       0x54 _build/nrf52832_xxaa/nrfx_clock.c.o
 .text.nrf_clock_int_disable
                0x0002a58c       0x1e _build/nrf52832_xxaa/nrfx_clock.c.o
 .text.nrf_clock_task_trigger
                0x0002a5aa       0x20 _build/nrf52832_xxaa/nrfx_clock.c.o
 .text.nrf_clock_event_clear
                0x0002a5ca       0x2c _build/nrf52832_xxaa/nrfx_clock.c.o
 .text.nrf_clock_event_check
                0x0002a5f6       0x28 _build/nrf52832_xxaa/nrfx_clock.c.o
 .text.nrf_clock_lf_src_set
                0x0002a61e       0x1e _build/nrf52832_xxaa/nrfx_clock.c.o
 .text.nrf_clock_lf_is_running
                0x0002a63c       0x26 _build/nrf52832_xxaa/nrfx_clock.c.o
 .text.nrfx_power_clock_irq_init
                0x0002a662       0x54 _build/nrf52832_xxaa/nrfx_clock.c.o
 *fill*         0x0002a6b6        0x2 
 .text.nrfx_clock_init
                0x0002a6b8       0x40 _build/nrf52832_xxaa/nrfx_clock.c.o
                0x0002a6b8                nrfx_clock_init
 .text.nrfx_clock_enable
                0x0002a6f8       0x12 _build/nrf52832_xxaa/nrfx_clock.c.o
                0x0002a6f8                nrfx_clock_enable
 .text.nrfx_clock_lfclk_stop
                0x0002a70a       0x1a _build/nrf52832_xxaa/nrfx_clock.c.o
                0x0002a70a                nrfx_clock_lfclk_stop
 .text.POWER_CLOCK_IRQHandler
                0x0002a724       0x68 _build/nrf52832_xxaa/nrfx_clock.c.o
                0x0002a724                POWER_CLOCK_IRQHandler
 .text.NVIC_EnableIRQ
                0x0002a78c       0x34 _build/nrf52832_xxaa/nrfx_gpiote.c.o
 .text.NVIC_SetPriority
                0x0002a7c0       0x54 _build/nrf52832_xxaa/nrfx_gpiote.c.o
 .text._NRFX_IRQ_PRIORITY_SET
                0x0002a814       0x26 _build/nrf52832_xxaa/nrfx_gpiote.c.o
 .text._NRFX_IRQ_ENABLE
                0x0002a83a       0x1c _build/nrf52832_xxaa/nrfx_gpiote.c.o
 .text.nrf_gpiote_event_is_set
                0x0002a856       0x28 _build/nrf52832_xxaa/nrfx_gpiote.c.o
 .text.nrf_gpiote_event_clear
                0x0002a87e       0x32 _build/nrf52832_xxaa/nrfx_gpiote.c.o
 .text.nrf_gpiote_event_addr_get
                0x0002a8b0       0x20 _build/nrf52832_xxaa/nrfx_gpiote.c.o
 .text.nrf_gpiote_int_enable
                0x0002a8d0       0x20 _build/nrf52832_xxaa/nrfx_gpiote.c.o
 .text.nrf_gpiote_int_disable
                0x0002a8f0       0x20 _build/nrf52832_xxaa/nrfx_gpiote.c.o
 .text.nrf_gpiote_int_is_enabled
                0x0002a910       0x24 _build/nrf52832_xxaa/nrfx_gpiote.c.o
 .text.nrf_gpiote_event_enable
                0x0002a934       0x34 _build/nrf52832_xxaa/nrfx_gpiote.c.o
 .text.nrf_gpiote_event_disable
                0x0002a968       0x34 _build/nrf52832_xxaa/nrfx_gpiote.c.o
 .text.nrf_gpiote_event_configure
                0x0002a99c       0x6c _build/nrf52832_xxaa/nrfx_gpiote.c.o
 .text.nrf_gpiote_event_pin_get
                0x0002aa08       0x2c _build/nrf52832_xxaa/nrfx_gpiote.c.o
 .text.nrf_gpiote_event_polarity_get
                0x0002aa34       0x2c _build/nrf52832_xxaa/nrfx_gpiote.c.o
 .text.nrf_gpio_pin_port_decode
                0x0002aa60       0x18 _build/nrf52832_xxaa/nrfx_gpiote.c.o
 .text.nrf_gpio_cfg
                0x0002aa78       0x54 _build/nrf52832_xxaa/nrfx_gpiote.c.o
 .text.nrf_gpio_cfg_input
                0x0002aacc       0x2a _build/nrf52832_xxaa/nrfx_gpiote.c.o
 .text.nrf_gpio_cfg_watcher
                0x0002aaf6       0x3a _build/nrf52832_xxaa/nrfx_gpiote.c.o
 .text.nrf_gpio_cfg_sense_set
                0x0002ab30       0x5a _build/nrf52832_xxaa/nrfx_gpiote.c.o
 .text.nrf_gpio_pin_read
                0x0002ab8a       0x2c _build/nrf52832_xxaa/nrfx_gpiote.c.o
 .text.nrf_gpio_pin_sense_get
                0x0002abb6       0x2e _build/nrf52832_xxaa/nrfx_gpiote.c.o
 .text.nrf_gpio_port_in_read
                0x0002abe4       0x1a _build/nrf52832_xxaa/nrfx_gpiote.c.o
 .text.nrf_gpio_ports_read
                0x0002abfe       0x52 _build/nrf52832_xxaa/nrfx_gpiote.c.o
 .text.nrf_bitmask_bit_is_set
                0x0002ac50       0x3a _build/nrf52832_xxaa/nrfx_gpiote.c.o
 .text.nrf_bitmask_bit_set
                0x0002ac8a       0x4a _build/nrf52832_xxaa/nrfx_gpiote.c.o
 .text.pin_in_use_by_te
                0x0002acd4       0x44 _build/nrf52832_xxaa/nrfx_gpiote.c.o
 .text.pin_in_use_by_port
                0x0002ad18       0x30 _build/nrf52832_xxaa/nrfx_gpiote.c.o
 .text.pin_in_use_by_gpiote
                0x0002ad48       0x2c _build/nrf52832_xxaa/nrfx_gpiote.c.o
 .text.pin_in_use_by_te_set
                0x0002ad74       0x58 _build/nrf52832_xxaa/nrfx_gpiote.c.o
 .text.pin_in_use_clear
                0x0002adcc       0x24 _build/nrf52832_xxaa/nrfx_gpiote.c.o
 .text.pin_configured_set
                0x0002adf0       0x1c _build/nrf52832_xxaa/nrfx_gpiote.c.o
 .text.channel_port_get
                0x0002ae0c       0x24 _build/nrf52832_xxaa/nrfx_gpiote.c.o
 .text.channel_handler_get
                0x0002ae30       0x20 _build/nrf52832_xxaa/nrfx_gpiote.c.o
 .text.channel_port_alloc
                0x0002ae50       0x74 _build/nrf52832_xxaa/nrfx_gpiote.c.o
 .text.channel_free
                0x0002aec4       0x3c _build/nrf52832_xxaa/nrfx_gpiote.c.o
 .text.nrfx_gpiote_init
                0x0002af00       0x94 _build/nrf52832_xxaa/nrfx_gpiote.c.o
                0x0002af00                nrfx_gpiote_init
 .text.nrfx_gpiote_is_init
                0x0002af94       0x24 _build/nrf52832_xxaa/nrfx_gpiote.c.o
                0x0002af94                nrfx_gpiote_is_init
 .text.nrfx_gpiote_in_init
                0x0002afb8       0xe0 _build/nrf52832_xxaa/nrfx_gpiote.c.o
                0x0002afb8                nrfx_gpiote_in_init
 .text.nrfx_gpiote_in_event_enable
                0x0002b098       0xd0 _build/nrf52832_xxaa/nrfx_gpiote.c.o
                0x0002b098                nrfx_gpiote_in_event_enable
 .text.nrfx_gpiote_in_event_disable
                0x0002b168       0x52 _build/nrf52832_xxaa/nrfx_gpiote.c.o
                0x0002b168                nrfx_gpiote_in_event_disable
 .text.nrfx_gpiote_in_is_set
                0x0002b1ba       0x22 _build/nrf52832_xxaa/nrfx_gpiote.c.o
                0x0002b1ba                nrfx_gpiote_in_is_set
 .text.GPIOTE_IRQHandler
                0x0002b1dc      0x2e0 _build/nrf52832_xxaa/nrfx_gpiote.c.o
                0x0002b1dc                GPIOTE_IRQHandler
 .text.UARTE0_UART0_IRQHandler
                0x0002b4bc       0x14 _build/nrf52832_xxaa/nrfx_prs.c.o
                0x0002b4bc                UARTE0_UART0_IRQHandler
 .text.prs_box_get
                0x0002b4d0       0x2c _build/nrf52832_xxaa/nrfx_prs.c.o
 .text.nrfx_prs_acquire
                0x0002b4fc       0x68 _build/nrf52832_xxaa/nrfx_prs.c.o
                0x0002b4fc                nrfx_prs_acquire
 .text.nrfx_prs_release
                0x0002b564       0x2a _build/nrf52832_xxaa/nrfx_prs.c.o
                0x0002b564                nrfx_prs_release
 *fill*         0x0002b58e        0x2 
 .text.NVIC_EnableIRQ
                0x0002b590       0x34 _build/nrf52832_xxaa/nrfx_uart.c.o
 .text.NVIC_DisableIRQ
                0x0002b5c4       0x34 _build/nrf52832_xxaa/nrfx_uart.c.o
 .text.NVIC_SetPriority
                0x0002b5f8       0x54 _build/nrf52832_xxaa/nrfx_uart.c.o
 .text.nrfx_get_irq_number
                0x0002b64c       0x1a _build/nrf52832_xxaa/nrfx_uart.c.o
 .text._NRFX_IRQ_PRIORITY_SET
                0x0002b666       0x26 _build/nrf52832_xxaa/nrfx_uart.c.o
 .text._NRFX_IRQ_ENABLE
                0x0002b68c       0x1c _build/nrf52832_xxaa/nrfx_uart.c.o
 .text._NRFX_IRQ_DISABLE
                0x0002b6a8       0x1c _build/nrf52832_xxaa/nrfx_uart.c.o
 .text.nrf_uart_event_clear
                0x0002b6c4       0x2e _build/nrf52832_xxaa/nrfx_uart.c.o
 .text.nrf_uart_event_check
                0x0002b6f2       0x2a _build/nrf52832_xxaa/nrfx_uart.c.o
 .text.nrf_uart_int_enable
                0x0002b71c       0x1e _build/nrf52832_xxaa/nrfx_uart.c.o
 .text.nrf_uart_int_enable_check
                0x0002b73a       0x2a _build/nrf52832_xxaa/nrfx_uart.c.o
 .text.nrf_uart_int_disable
                0x0002b764       0x1e _build/nrf52832_xxaa/nrfx_uart.c.o
 .text.nrf_uart_errorsrc_get_and_clear
                0x0002b782       0x26 _build/nrf52832_xxaa/nrfx_uart.c.o
 .text.nrf_uart_enable
                0x0002b7a8       0x1c _build/nrf52832_xxaa/nrfx_uart.c.o
 .text.nrf_uart_disable
                0x0002b7c4       0x1c _build/nrf52832_xxaa/nrfx_uart.c.o
 .text.nrf_uart_txrx_pins_set
                0x0002b7e0       0x28 _build/nrf52832_xxaa/nrfx_uart.c.o
 .text.nrf_uart_txrx_pins_disconnect
                0x0002b808       0x1e _build/nrf52832_xxaa/nrfx_uart.c.o
 .text.nrf_uart_tx_pin_get
                0x0002b826       0x1a _build/nrf52832_xxaa/nrfx_uart.c.o
 .text.nrf_uart_rx_pin_get
                0x0002b840       0x1a _build/nrf52832_xxaa/nrfx_uart.c.o
 .text.nrf_uart_rts_pin_get
                0x0002b85a       0x1a _build/nrf52832_xxaa/nrfx_uart.c.o
 .text.nrf_uart_cts_pin_get
                0x0002b874       0x1a _build/nrf52832_xxaa/nrfx_uart.c.o
 .text.nrf_uart_hwfc_pins_set
                0x0002b88e       0x28 _build/nrf52832_xxaa/nrfx_uart.c.o
 .text.nrf_uart_hwfc_pins_disconnect
                0x0002b8b6       0x1e _build/nrf52832_xxaa/nrfx_uart.c.o
 .text.nrf_uart_rxd_get
                0x0002b8d4       0x1c _build/nrf52832_xxaa/nrfx_uart.c.o
 .text.nrf_uart_txd_set
                0x0002b8f0       0x20 _build/nrf52832_xxaa/nrfx_uart.c.o
 .text.nrf_uart_task_trigger
                0x0002b910       0x22 _build/nrf52832_xxaa/nrfx_uart.c.o
 .text.nrf_uart_configure
                0x0002b932       0x2c _build/nrf52832_xxaa/nrfx_uart.c.o
 .text.nrf_uart_baudrate_set
                0x0002b95e       0x1e _build/nrf52832_xxaa/nrfx_uart.c.o
 .text.nrf_gpio_pin_port_decode
                0x0002b97c       0x18 _build/nrf52832_xxaa/nrfx_uart.c.o
 .text.nrf_gpio_cfg
                0x0002b994       0x54 _build/nrf52832_xxaa/nrfx_uart.c.o
 .text.nrf_gpio_cfg_output
                0x0002b9e8       0x24 _build/nrf52832_xxaa/nrfx_uart.c.o
 .text.nrf_gpio_cfg_input
                0x0002ba0c       0x2a _build/nrf52832_xxaa/nrfx_uart.c.o
 .text.nrf_gpio_cfg_default
                0x0002ba36       0x24 _build/nrf52832_xxaa/nrfx_uart.c.o
 .text.nrf_gpio_pin_set
                0x0002ba5a       0x2a _build/nrf52832_xxaa/nrfx_uart.c.o
 .text.nrf_gpio_port_out_set
                0x0002ba84       0x1e _build/nrf52832_xxaa/nrfx_uart.c.o
 .text.apply_config
                0x0002baa2       0xc8 _build/nrf52832_xxaa/nrfx_uart.c.o
 *fill*         0x0002bb6a        0x2 
 .text.interrupts_enable
                0x0002bb6c       0x6c _build/nrf52832_xxaa/nrfx_uart.c.o
 .text.interrupts_disable
                0x0002bbd8       0x34 _build/nrf52832_xxaa/nrfx_uart.c.o
 .text.pins_to_default
                0x0002bc0c       0x8c _build/nrf52832_xxaa/nrfx_uart.c.o
 .text.nrfx_uart_init
                0x0002bc98       0xc4 _build/nrf52832_xxaa/nrfx_uart.c.o
                0x0002bc98                nrfx_uart_init
 .text.nrfx_uart_uninit
                0x0002bd5c       0x5c _build/nrf52832_xxaa/nrfx_uart.c.o
                0x0002bd5c                nrfx_uart_uninit
 .text.tx_byte  0x0002bdb8       0x3e _build/nrf52832_xxaa/nrfx_uart.c.o
 .text.tx_blocking
                0x0002bdf6       0x50 _build/nrf52832_xxaa/nrfx_uart.c.o
 *fill*         0x0002be46        0x2 
 .text.nrfx_uart_tx
                0x0002be48       0xd8 _build/nrf52832_xxaa/nrfx_uart.c.o
                0x0002be48                nrfx_uart_tx
 .text.nrfx_uart_tx_in_progress
                0x0002bf20       0x38 _build/nrf52832_xxaa/nrfx_uart.c.o
                0x0002bf20                nrfx_uart_tx_in_progress
 .text.rx_byte  0x0002bf58       0x52 _build/nrf52832_xxaa/nrfx_uart.c.o
 .text.rx_done_event
                0x0002bfaa       0x30 _build/nrf52832_xxaa/nrfx_uart.c.o
 .text.tx_done_event
                0x0002bfda       0x36 _build/nrf52832_xxaa/nrfx_uart.c.o
 .text.uart_irq_handler
                0x0002c010      0x1dc _build/nrf52832_xxaa/nrfx_uart.c.o
 .text.nrfx_uart_0_irq_handler
                0x0002c1ec       0x18 _build/nrf52832_xxaa/nrfx_uart.c.o
                0x0002c1ec                nrfx_uart_0_irq_handler
 .text.NVIC_EnableIRQ
                0x0002c204       0x34 _build/nrf52832_xxaa/nrfx_uarte.c.o
 .text.NVIC_DisableIRQ
                0x0002c238       0x34 _build/nrf52832_xxaa/nrfx_uarte.c.o
 .text.NVIC_SetPriority
                0x0002c26c       0x54 _build/nrf52832_xxaa/nrfx_uarte.c.o
 .text.nrfx_is_in_ram
                0x0002c2c0       0x26 _build/nrf52832_xxaa/nrfx_uarte.c.o
 .text.nrfx_get_irq_number
                0x0002c2e6       0x1a _build/nrf52832_xxaa/nrfx_uarte.c.o
 .text._NRFX_IRQ_PRIORITY_SET
                0x0002c300       0x26 _build/nrf52832_xxaa/nrfx_uarte.c.o
 .text._NRFX_IRQ_ENABLE
                0x0002c326       0x1c _build/nrf52832_xxaa/nrfx_uarte.c.o
 .text._NRFX_IRQ_DISABLE
                0x0002c342       0x1c _build/nrf52832_xxaa/nrfx_uarte.c.o
 .text.nrf_uarte_event_clear
                0x0002c35e       0x2e _build/nrf52832_xxaa/nrfx_uarte.c.o
 .text.nrf_uarte_event_check
                0x0002c38c       0x2a _build/nrf52832_xxaa/nrfx_uarte.c.o
 .text.nrf_uarte_shorts_disable
                0x0002c3b6       0x28 _build/nrf52832_xxaa/nrfx_uarte.c.o
 .text.nrf_uarte_int_enable
                0x0002c3de       0x1e _build/nrf52832_xxaa/nrfx_uarte.c.o
 .text.nrf_uarte_int_disable
                0x0002c3fc       0x1e _build/nrf52832_xxaa/nrfx_uarte.c.o
 .text.nrf_uarte_errorsrc_get_and_clear
                0x0002c41a       0x26 _build/nrf52832_xxaa/nrfx_uarte.c.o
 .text.nrf_uarte_enable
                0x0002c440       0x1c _build/nrf52832_xxaa/nrfx_uarte.c.o
 .text.nrf_uarte_disable
                0x0002c45c       0x1c _build/nrf52832_xxaa/nrfx_uarte.c.o
 .text.nrf_uarte_txrx_pins_set
                0x0002c478       0x28 _build/nrf52832_xxaa/nrfx_uarte.c.o
 .text.nrf_uarte_txrx_pins_disconnect
                0x0002c4a0       0x1e _build/nrf52832_xxaa/nrfx_uarte.c.o
 .text.nrf_uarte_tx_pin_get
                0x0002c4be       0x1a _build/nrf52832_xxaa/nrfx_uarte.c.o
 .text.nrf_uarte_rx_pin_get
                0x0002c4d8       0x1a _build/nrf52832_xxaa/nrfx_uarte.c.o
 .text.nrf_uarte_rts_pin_get
                0x0002c4f2       0x1a _build/nrf52832_xxaa/nrfx_uarte.c.o
 .text.nrf_uarte_cts_pin_get
                0x0002c50c       0x1a _build/nrf52832_xxaa/nrfx_uarte.c.o
 .text.nrf_uarte_hwfc_pins_set
                0x0002c526       0x28 _build/nrf52832_xxaa/nrfx_uarte.c.o
 .text.nrf_uarte_hwfc_pins_disconnect
                0x0002c54e       0x1e _build/nrf52832_xxaa/nrfx_uarte.c.o
 .text.nrf_uarte_task_trigger
                0x0002c56c       0x22 _build/nrf52832_xxaa/nrfx_uarte.c.o
 .text.nrf_uarte_configure
                0x0002c58e       0x2c _build/nrf52832_xxaa/nrfx_uarte.c.o
 .text.nrf_uarte_baudrate_set
                0x0002c5ba       0x1e _build/nrf52832_xxaa/nrfx_uarte.c.o
 .text.nrf_uarte_tx_buffer_set
                0x0002c5d8       0x28 _build/nrf52832_xxaa/nrfx_uarte.c.o
 .text.nrf_uarte_tx_amount_get
                0x0002c600       0x1a _build/nrf52832_xxaa/nrfx_uarte.c.o
 .text.nrf_uarte_rx_amount_get
                0x0002c61a       0x1a _build/nrf52832_xxaa/nrfx_uarte.c.o
 .text.nrf_gpio_pin_port_decode
                0x0002c634       0x18 _build/nrf52832_xxaa/nrfx_uarte.c.o
 .text.nrf_gpio_cfg
                0x0002c64c       0x54 _build/nrf52832_xxaa/nrfx_uarte.c.o
 .text.nrf_gpio_cfg_output
                0x0002c6a0       0x24 _build/nrf52832_xxaa/nrfx_uarte.c.o
 .text.nrf_gpio_cfg_input
                0x0002c6c4       0x2a _build/nrf52832_xxaa/nrfx_uarte.c.o
 .text.nrf_gpio_cfg_default
                0x0002c6ee       0x24 _build/nrf52832_xxaa/nrfx_uarte.c.o
 .text.nrf_gpio_pin_set
                0x0002c712       0x2a _build/nrf52832_xxaa/nrfx_uarte.c.o
 .text.nrf_gpio_port_out_set
                0x0002c73c       0x1e _build/nrf52832_xxaa/nrfx_uarte.c.o
 .text.apply_config
                0x0002c75a       0xc8 _build/nrf52832_xxaa/nrfx_uarte.c.o
 *fill*         0x0002c822        0x2 
 .text.interrupts_enable
                0x0002c824       0x88 _build/nrf52832_xxaa/nrfx_uarte.c.o
 .text.interrupts_disable
                0x0002c8ac       0x34 _build/nrf52832_xxaa/nrfx_uarte.c.o
 .text.pins_to_default
                0x0002c8e0       0x8c _build/nrf52832_xxaa/nrfx_uarte.c.o
 .text.nrfx_uarte_init
                0x0002c96c       0xbc _build/nrf52832_xxaa/nrfx_uarte.c.o
                0x0002c96c                nrfx_uarte_init
 .text.nrfx_uarte_uninit
                0x0002ca28       0x60 _build/nrf52832_xxaa/nrfx_uarte.c.o
                0x0002ca28                nrfx_uarte_uninit
 .text.nrfx_uarte_tx
                0x0002ca88       0xfc _build/nrf52832_xxaa/nrfx_uarte.c.o
                0x0002ca88                nrfx_uarte_tx
 .text.nrfx_uarte_tx_in_progress
                0x0002cb84       0x38 _build/nrf52832_xxaa/nrfx_uarte.c.o
                0x0002cb84                nrfx_uarte_tx_in_progress
 .text.rx_done_event
                0x0002cbbc       0x30 _build/nrf52832_xxaa/nrfx_uarte.c.o
 .text.tx_done_event
                0x0002cbec       0x36 _build/nrf52832_xxaa/nrfx_uarte.c.o
 .text.uarte_irq_handler
                0x0002cc22      0x154 _build/nrf52832_xxaa/nrfx_uarte.c.o
 *fill*         0x0002cd76        0x2 
 .text.nrfx_uarte_0_irq_handler
                0x0002cd78       0x18 _build/nrf52832_xxaa/nrfx_uarte.c.o
                0x0002cd78                nrfx_uarte_0_irq_handler
 .text.sd_ble_gap_adv_set_configure
                0x0002cd90        0x8 _build/nrf52832_xxaa/main.c.o
 .text.sd_ble_gap_adv_start
                0x0002cd98        0x8 _build/nrf52832_xxaa/main.c.o
 .text.sd_ble_gap_disconnect
                0x0002cda0        0x8 _build/nrf52832_xxaa/main.c.o
 .text.sd_ble_gap_ppcp_set
                0x0002cda8        0x8 _build/nrf52832_xxaa/main.c.o
 .text.sd_ble_gap_device_name_set
                0x0002cdb0        0x8 _build/nrf52832_xxaa/main.c.o
 .text.sd_ble_gap_sec_params_reply
                0x0002cdb8        0x8 _build/nrf52832_xxaa/main.c.o
 .text.sd_ble_gap_phy_update
                0x0002cdc0        0x8 _build/nrf52832_xxaa/main.c.o
 .text.sd_ble_gatts_sys_attr_set
                0x0002cdc8        0x8 _build/nrf52832_xxaa/main.c.o
 .text.leds_init
                0x0002cdd0        0xe _build/nrf52832_xxaa/main.c.o
 .text.timers_init
                0x0002cdde       0x24 _build/nrf52832_xxaa/main.c.o
 *fill*         0x0002ce02        0x2 
 .text.gap_params_init
                0x0002ce04       0x84 _build/nrf52832_xxaa/main.c.o
 .text.gatt_init
                0x0002ce88       0x2c _build/nrf52832_xxaa/main.c.o
 .text.advertising_init
                0x0002ceb4      0x10c _build/nrf52832_xxaa/main.c.o
 .text.nrf_qwr_error_handler
                0x0002cfc0       0x16 _build/nrf52832_xxaa/main.c.o
 *fill*         0x0002cfd6        0x2 
 .text.led_write_handler
                0x0002cfd8       0x68 _build/nrf52832_xxaa/main.c.o
 .text.services_init
                0x0002d040       0x68 _build/nrf52832_xxaa/main.c.o
 .text.on_conn_params_evt
                0x0002d0a8       0x3c _build/nrf52832_xxaa/main.c.o
 .text.conn_params_error_handler
                0x0002d0e4       0x16 _build/nrf52832_xxaa/main.c.o
 *fill*         0x0002d0fa        0x2 
 .text.conn_params_init
                0x0002d0fc       0x60 _build/nrf52832_xxaa/main.c.o
 .text.advertising_start
                0x0002d15c       0x38 _build/nrf52832_xxaa/main.c.o
 .text.ble_evt_handler
                0x0002d194      0x2c4 _build/nrf52832_xxaa/main.c.o
 .text.ble_stack_init
                0x0002d458       0x5e _build/nrf52832_xxaa/main.c.o
 *fill*         0x0002d4b6        0x2 
 .text.button_event_handler
                0x0002d4b8       0x98 _build/nrf52832_xxaa/main.c.o
 .text.buttons_init
                0x0002d550       0x30 _build/nrf52832_xxaa/main.c.o
 .text.log_init
                0x0002d580       0x2e _build/nrf52832_xxaa/main.c.o
 .text.power_management_init
                0x0002d5ae       0x24 _build/nrf52832_xxaa/main.c.o
 .text.idle_state_handle
                0x0002d5d2       0x1c _build/nrf52832_xxaa/main.c.o
 *fill*         0x0002d5ee        0x2 
 .text.main     0x0002d5f0       0x5c _build/nrf52832_xxaa/main.c.o
                0x0002d5f0                main
 .text.sd_ble_gap_addr_get
                0x0002d64c        0x8 _build/nrf52832_xxaa/ble_advdata.c.o
 .text.sd_ble_gap_appearance_get
                0x0002d654        0x8 _build/nrf52832_xxaa/ble_advdata.c.o
 .text.sd_ble_gap_device_name_get
                0x0002d65c        0x8 _build/nrf52832_xxaa/ble_advdata.c.o
 .text.sd_ble_uuid_encode
                0x0002d664        0x8 _build/nrf52832_xxaa/ble_advdata.c.o
 .text.uint16_encode
                0x0002d66c       0x30 _build/nrf52832_xxaa/ble_advdata.c.o
 .text.ble_device_addr_encode
                0x0002d69c       0xd2 _build/nrf52832_xxaa/ble_advdata.c.o
 .text.name_encode
                0x0002d76e      0x12a _build/nrf52832_xxaa/ble_advdata.c.o
 .text.appearance_encode
                0x0002d898       0x9c _build/nrf52832_xxaa/ble_advdata.c.o
 .text.flags_encode
                0x0002d934       0x80 _build/nrf52832_xxaa/ble_advdata.c.o
 .text.tx_power_level_encode
                0x0002d9b4       0x80 _build/nrf52832_xxaa/ble_advdata.c.o
 .text.uuid_list_sized_encode
                0x0002da34      0x146 _build/nrf52832_xxaa/ble_advdata.c.o
 .text.uuid_list_encode
                0x0002db7a       0x64 _build/nrf52832_xxaa/ble_advdata.c.o
 .text.conn_int_check
                0x0002dbde       0x82 _build/nrf52832_xxaa/ble_advdata.c.o
 .text.conn_int_encode
                0x0002dc60       0xc2 _build/nrf52832_xxaa/ble_advdata.c.o
 .text.manuf_specific_data_encode
                0x0002dd22       0xde _build/nrf52832_xxaa/ble_advdata.c.o
 .text.service_data_encode
                0x0002de00       0xfe _build/nrf52832_xxaa/ble_advdata.c.o
 .text.ble_advdata_encode
                0x0002defe      0x200 _build/nrf52832_xxaa/ble_advdata.c.o
                0x0002defe                ble_advdata_encode
 .text.sd_ble_gap_conn_param_update
                0x0002e0fe        0x8 _build/nrf52832_xxaa/ble_conn_params.c.o
 .text.sd_ble_gap_disconnect
                0x0002e106        0x8 _build/nrf52832_xxaa/ble_conn_params.c.o
 .text.sd_ble_gap_ppcp_set
                0x0002e10e        0x8 _build/nrf52832_xxaa/ble_conn_params.c.o
 .text.sd_ble_gap_ppcp_get
                0x0002e116        0x8 _build/nrf52832_xxaa/ble_conn_params.c.o
 *fill*         0x0002e11e        0x2 
 .text.instance_get
                0x0002e120       0x54 _build/nrf52832_xxaa/ble_conn_params.c.o
 .text.instance_claim
                0x0002e174       0x38 _build/nrf52832_xxaa/ble_conn_params.c.o
 .text.instance_free
                0x0002e1ac       0x1c _build/nrf52832_xxaa/ble_conn_params.c.o
 .text.is_conn_params_ok
                0x0002e1c8       0xc4 _build/nrf52832_xxaa/ble_conn_params.c.o
 .text.send_error_evt
                0x0002e28c       0x24 _build/nrf52832_xxaa/ble_conn_params.c.o
 .text.send_update_request
                0x0002e2b0       0x3e _build/nrf52832_xxaa/ble_conn_params.c.o
 *fill*         0x0002e2ee        0x2 
 .text.update_timeout_handler
                0x0002e2f0       0xac _build/nrf52832_xxaa/ble_conn_params.c.o
 .text.ble_conn_params_init
                0x0002e39c       0xd8 _build/nrf52832_xxaa/ble_conn_params.c.o
                0x0002e39c                ble_conn_params_init
 .text.conn_params_negotiation
                0x0002e474       0x78 _build/nrf52832_xxaa/ble_conn_params.c.o
 .text.on_connect
                0x0002e4ec       0x7c _build/nrf52832_xxaa/ble_conn_params.c.o
 .text.on_disconnect
                0x0002e568       0x44 _build/nrf52832_xxaa/ble_conn_params.c.o
 .text.on_write
                0x0002e5ac       0x78 _build/nrf52832_xxaa/ble_conn_params.c.o
 .text.on_conn_params_update
                0x0002e624       0x50 _build/nrf52832_xxaa/ble_conn_params.c.o
 .text.ble_evt_handler
                0x0002e674       0x4e _build/nrf52832_xxaa/ble_conn_params.c.o
 .text.conn_handle_list_get
                0x0002e6c2       0x6c _build/nrf52832_xxaa/ble_conn_state.c.o
                0x0002e6c2                conn_handle_list_get
 *fill*         0x0002e72e        0x2 
 .text.record_activate
                0x0002e730       0x3c _build/nrf52832_xxaa/ble_conn_state.c.o
 .text.record_invalidate
                0x0002e76c       0x3c _build/nrf52832_xxaa/ble_conn_state.c.o
 .text.record_set_disconnected
                0x0002e7a8       0x20 _build/nrf52832_xxaa/ble_conn_state.c.o
 .text.record_purge_disconnected
                0x0002e7c8       0x74 _build/nrf52832_xxaa/ble_conn_state.c.o
 .text.ble_evt_handler
                0x0002e83c       0xe4 _build/nrf52832_xxaa/ble_conn_state.c.o
 .text.uint16_decode
                0x0002e920       0x2a _build/nrf52832_xxaa/ble_srv_common.c.o
 .text.sd_ble_gatts_characteristic_add
                0x0002e94a        0x8 _build/nrf52832_xxaa/ble_srv_common.c.o
 .text.ble_srv_is_notification_enabled
                0x0002e952       0x2a _build/nrf52832_xxaa/ble_srv_common.c.o
                0x0002e952                ble_srv_is_notification_enabled
 .text.set_security_req
                0x0002e97c       0xec _build/nrf52832_xxaa/ble_srv_common.c.o
 .text.characteristic_add
                0x0002ea68      0x208 _build/nrf52832_xxaa/ble_srv_common.c.o
                0x0002ea68                characteristic_add
 .text.sd_ble_gap_data_length_update
                0x0002ec70        0x8 _build/nrf52832_xxaa/nrf_ble_gatt.c.o
 .text.sd_ble_gattc_exchange_mtu_request
                0x0002ec78        0x8 _build/nrf52832_xxaa/nrf_ble_gatt.c.o
 .text.sd_ble_gatts_exchange_mtu_reply
                0x0002ec80        0x8 _build/nrf52832_xxaa/nrf_ble_gatt.c.o
 .text.link_init
                0x0002ec88       0x38 _build/nrf52832_xxaa/nrf_ble_gatt.c.o
 .text.data_length_update
                0x0002ecc0       0xc8 _build/nrf52832_xxaa/nrf_ble_gatt.c.o
 .text.on_connected_evt
                0x0002ed88       0xd0 _build/nrf52832_xxaa/nrf_ble_gatt.c.o
 .text.on_disconnected_evt
                0x0002ee58       0x24 _build/nrf52832_xxaa/nrf_ble_gatt.c.o
 .text.on_exchange_mtu_rsp_evt
                0x0002ee7c       0x86 _build/nrf52832_xxaa/nrf_ble_gatt.c.o
 *fill*         0x0002ef02        0x2 
 .text.on_exchange_mtu_request_evt
                0x0002ef04       0xc0 _build/nrf52832_xxaa/nrf_ble_gatt.c.o
 .text.on_data_length_update_evt
                0x0002efc4       0x74 _build/nrf52832_xxaa/nrf_ble_gatt.c.o
 .text.on_data_length_update_request_evt
                0x0002f038       0x4a _build/nrf52832_xxaa/nrf_ble_gatt.c.o
 .text.nrf_ble_gatt_init
                0x0002f082       0x58 _build/nrf52832_xxaa/nrf_ble_gatt.c.o
                0x0002f082                nrf_ble_gatt_init
 *fill*         0x0002f0da        0x2 
 .text.nrf_ble_gatt_on_ble_evt
                0x0002f0dc       0xfc _build/nrf52832_xxaa/nrf_ble_gatt.c.o
                0x0002f0dc                nrf_ble_gatt_on_ble_evt
 .text.sd_ble_gatts_rw_authorize_reply
                0x0002f1d8        0x8 _build/nrf52832_xxaa/nrf_ble_qwr.c.o
 .text.sd_ble_user_mem_reply
                0x0002f1e0        0x8 _build/nrf52832_xxaa/nrf_ble_qwr.c.o
 .text.nrf_ble_qwr_init
                0x0002f1e8       0x4e _build/nrf52832_xxaa/nrf_ble_qwr.c.o
                0x0002f1e8                nrf_ble_qwr_init
 .text.nrf_ble_qwr_conn_handle_assign
                0x0002f236       0x36 _build/nrf52832_xxaa/nrf_ble_qwr.c.o
                0x0002f236                nrf_ble_qwr_conn_handle_assign
 .text.user_mem_reply
                0x0002f26c       0x4a _build/nrf52832_xxaa/nrf_ble_qwr.c.o
 .text.on_user_mem_request
                0x0002f2b6       0x32 _build/nrf52832_xxaa/nrf_ble_qwr.c.o
 .text.on_user_mem_release
                0x0002f2e8       0x16 _build/nrf52832_xxaa/nrf_ble_qwr.c.o
 .text.on_rw_authorize_request
                0x0002f2fe       0x92 _build/nrf52832_xxaa/nrf_ble_qwr.c.o
 .text.nrf_ble_qwr_on_ble_evt
                0x0002f390       0xa4 _build/nrf52832_xxaa/nrf_ble_qwr.c.o
                0x0002f390                nrf_ble_qwr_on_ble_evt
 .text.sd_ble_gatts_service_add
                0x0002f434        0x8 _build/nrf52832_xxaa/ble_lbs.c.o
 .text.sd_ble_gatts_hvx
                0x0002f43c        0x8 _build/nrf52832_xxaa/ble_lbs.c.o
 .text.sd_ble_uuid_vs_add
                0x0002f444        0x8 _build/nrf52832_xxaa/ble_lbs.c.o
 .text.on_write
                0x0002f44c       0x44 _build/nrf52832_xxaa/ble_lbs.c.o
 .text.ble_lbs_on_ble_evt
                0x0002f490       0x2a _build/nrf52832_xxaa/ble_lbs.c.o
                0x0002f490                ble_lbs_on_ble_evt
 *fill*         0x0002f4ba        0x2 
 .text.ble_lbs_init
                0x0002f4bc      0x138 _build/nrf52832_xxaa/ble_lbs.c.o
                0x0002f4bc                ble_lbs_init
 .text.ble_lbs_on_button_change
                0x0002f5f4       0x4e _build/nrf52832_xxaa/ble_lbs.c.o
                0x0002f5f4                ble_lbs_on_button_change
 *fill*         0x0002f642        0x2 
 .text.NVIC_EnableIRQ
                0x0002f644       0x34 _build/nrf52832_xxaa/nrf_sdh.c.o
 .text.NVIC_GetPriority
                0x0002f678       0x50 _build/nrf52832_xxaa/nrf_sdh.c.o
 .text.nrf_section_iter_get
                0x0002f6c8       0x18 _build/nrf52832_xxaa/nrf_sdh.c.o
 .text.sd_softdevice_enable
                0x0002f6e0        0x8 _build/nrf52832_xxaa/nrf_sdh.c.o
 .text.__sd_nvic_app_accessible_irq
                0x0002f6e8       0x60 _build/nrf52832_xxaa/nrf_sdh.c.o
 .text.__sd_nvic_is_app_accessible_priority
                0x0002f748       0x30 _build/nrf52832_xxaa/nrf_sdh.c.o
 .text.sd_nvic_EnableIRQ
                0x0002f778       0x88 _build/nrf52832_xxaa/nrf_sdh.c.o
 .text.sdh_request_observer_notify
                0x0002f800       0x68 _build/nrf52832_xxaa/nrf_sdh.c.o
 .text.sdh_state_observer_notify
                0x0002f868       0x5c _build/nrf52832_xxaa/nrf_sdh.c.o
 .text.softdevices_evt_irq_enable
                0x0002f8c4       0x26 _build/nrf52832_xxaa/nrf_sdh.c.o
 *fill*         0x0002f8ea        0x2 
 .text.nrf_sdh_enable_request
                0x0002f8ec       0xa4 _build/nrf52832_xxaa/nrf_sdh.c.o
                0x0002f8ec                nrf_sdh_enable_request
 .text.nrf_sdh_is_enabled
                0x0002f990       0x18 _build/nrf52832_xxaa/nrf_sdh.c.o
                0x0002f990                nrf_sdh_is_enabled
 .text.nrf_sdh_evts_poll
                0x0002f9a8       0x50 _build/nrf52832_xxaa/nrf_sdh.c.o
                0x0002f9a8                nrf_sdh_evts_poll
 .text.SWI2_EGU2_IRQHandler
                0x0002f9f8        0xc _build/nrf52832_xxaa/nrf_sdh.c.o
                0x0002f9f8                SWI2_EGU2_IRQHandler
 .text.sd_ble_enable
                0x0002fa04        0x8 _build/nrf52832_xxaa/nrf_sdh_ble.c.o
 .text.sd_ble_cfg_set
                0x0002fa0c        0x8 _build/nrf52832_xxaa/nrf_sdh_ble.c.o
 .text.sd_ble_evt_get
                0x0002fa14        0x8 _build/nrf52832_xxaa/nrf_sdh_ble.c.o
 .text.nrf_section_iter_get
                0x0002fa1c       0x18 _build/nrf52832_xxaa/nrf_sdh_ble.c.o
 .text.nrf_sdh_ble_app_ram_start_get
                0x0002fa34       0x2c _build/nrf52832_xxaa/nrf_sdh_ble.c.o
                0x0002fa34                nrf_sdh_ble_app_ram_start_get
 .text.nrf_sdh_ble_default_cfg_set
                0x0002fa60      0x1cc _build/nrf52832_xxaa/nrf_sdh_ble.c.o
                0x0002fa60                nrf_sdh_ble_default_cfg_set
 .text.ram_end_address_get
                0x0002fc2c       0x24 _build/nrf52832_xxaa/nrf_sdh_ble.c.o
 .text.nrf_sdh_ble_enable
                0x0002fc50       0xc8 _build/nrf52832_xxaa/nrf_sdh_ble.c.o
                0x0002fc50                nrf_sdh_ble_enable
 .text.nrf_sdh_ble_evts_poll
                0x0002fd18       0xa4 _build/nrf52832_xxaa/nrf_sdh_ble.c.o
 .text.nrf_section_iter_get
                0x0002fdbc       0x18 _build/nrf52832_xxaa/nrf_sdh_soc.c.o
 .text.sd_evt_get
                0x0002fdd4        0x8 _build/nrf52832_xxaa/nrf_sdh_soc.c.o
 .text.nrf_sdh_soc_evts_poll
                0x0002fddc       0x7c _build/nrf52832_xxaa/nrf_sdh_soc.c.o
 .text.exit     0x0002fe58       0x28 c:/program files (x86)/gnu tools arm embedded/7 2018-q2-update/bin/../lib/gcc/arm-none-eabi/7.3.1/../../../../arm-none-eabi/lib/thumb/v7e-m/fpv4-sp/hard\libc_nano.a(lib_a-exit.o)
                0x0002fe58                exit
 .text.__libc_init_array
                0x0002fe80       0x48 c:/program files (x86)/gnu tools arm embedded/7 2018-q2-update/bin/../lib/gcc/arm-none-eabi/7.3.1/../../../../arm-none-eabi/lib/thumb/v7e-m/fpv4-sp/hard\libc_nano.a(lib_a-init.o)
                0x0002fe80                __libc_init_array
 .text.__locale_ctype_ptr
                0x0002fec8       0x1c c:/program files (x86)/gnu tools arm embedded/7 2018-q2-update/bin/../lib/gcc/arm-none-eabi/7.3.1/../../../../arm-none-eabi/lib/thumb/v7e-m/fpv4-sp/hard\libc_nano.a(lib_a-locale.o)
                0x0002fec8                __locale_ctype_ptr
 .text.__ascii_mbtowc
                0x0002fee4       0x24 c:/program files (x86)/gnu tools arm embedded/7 2018-q2-update/bin/../lib/gcc/arm-none-eabi/7.3.1/../../../../arm-none-eabi/lib/thumb/v7e-m/fpv4-sp/hard\libc_nano.a(lib_a-mbtowc_r.o)
                0x0002fee4                __ascii_mbtowc
 .text.memcpy   0x0002ff08       0x16 c:/program files (x86)/gnu tools arm embedded/7 2018-q2-update/bin/../lib/gcc/arm-none-eabi/7.3.1/../../../../arm-none-eabi/lib/thumb/v7e-m/fpv4-sp/hard\libc_nano.a(lib_a-memcpy-stub.o)
                0x0002ff08                memcpy
 .text.memset   0x0002ff1e       0x10 c:/program files (x86)/gnu tools arm embedded/7 2018-q2-update/bin/../lib/gcc/arm-none-eabi/7.3.1/../../../../arm-none-eabi/lib/thumb/v7e-m/fpv4-sp/hard\libc_nano.a(lib_a-memset.o)
                0x0002ff1e                memset
 .text          0x0002ff2e       0x10 c:/program files (x86)/gnu tools arm embedded/7 2018-q2-update/bin/../lib/gcc/arm-none-eabi/7.3.1/../../../../arm-none-eabi/lib/thumb/v7e-m/fpv4-sp/hard\libc_nano.a(lib_a-strlen.o)
                0x0002ff2e                strlen
 .text.__ascii_wctomb
                0x0002ff3e       0x1a c:/program files (x86)/gnu tools arm embedded/7 2018-q2-update/bin/../lib/gcc/arm-none-eabi/7.3.1/../../../../arm-none-eabi/lib/thumb/v7e-m/fpv4-sp/hard\libc_nano.a(lib_a-wctomb_r.o)
                0x0002ff3e                __ascii_wctomb
 .text._exit    0x0002ff58        0x4 c:/program files (x86)/gnu tools arm embedded/7 2018-q2-update/bin/../lib/gcc/arm-none-eabi/7.3.1/../../../../arm-none-eabi/lib/thumb/v7e-m/fpv4-sp/hard\libnosys.a(_exit.o)
                0x0002ff58                _exit
 *(.init)
 .init          0x0002ff5c        0x4 c:/program files (x86)/gnu tools arm embedded/7 2018-q2-update/bin/../lib/gcc/arm-none-eabi/7.3.1/thumb/v7e-m/fpv4-sp/hard/crti.o
                0x0002ff5c                _init
 .init          0x0002ff60        0x8 c:/program files (x86)/gnu tools arm embedded/7 2018-q2-update/bin/../lib/gcc/arm-none-eabi/7.3.1/thumb/v7e-m/fpv4-sp/hard/crtn.o
 *(.fini)
 .fini          0x0002ff68        0x4 c:/program files (x86)/gnu tools arm embedded/7 2018-q2-update/bin/../lib/gcc/arm-none-eabi/7.3.1/thumb/v7e-m/fpv4-sp/hard/crti.o
                0x0002ff68                _fini
 .fini          0x0002ff6c        0x8 c:/program files (x86)/gnu tools arm embedded/7 2018-q2-update/bin/../lib/gcc/arm-none-eabi/7.3.1/thumb/v7e-m/fpv4-sp/hard/crtn.o
 *crtbegin.o(.ctors)
 *crtbegin?.o(.ctors)
 *(EXCLUDE_FILE(*crtend.o *crtend?.o) .ctors)
 *(SORT_BY_NAME(.ctors.*))
 *(.ctors)
 *crtbegin.o(.dtors)
 *crtbegin?.o(.dtors)
 *(EXCLUDE_FILE(*crtend.o *crtend?.o) .dtors)
 *(SORT_BY_NAME(.dtors.*))
 *(.dtors)
 *(.rodata*)
 .rodata        0x0002ff74       0x20 _build/nrf52832_xxaa/nrf_log_backend_uart.c.o
 .rodata.nrf_log_backend_uart_api
                0x0002ff94        0xc _build/nrf52832_xxaa/nrf_log_backend_uart.c.o
                0x0002ff94                nrf_log_backend_uart_api
 .rodata        0x0002ffa0       0x11 _build/nrf52832_xxaa/nrf_log_default_backends.c.o
 *fill*         0x0002ffb1        0x3 
 .rodata.m_log_push_ringbuf
                0x0002ffb4        0xc _build/nrf52832_xxaa/nrf_log_frontend.c.o
 .rodata        0x0002ffc0       0x15 _build/nrf52832_xxaa/nrf_log_frontend.c.o
 *fill*         0x0002ffd5        0x3 
 .rodata        0x0002ffd8       0xaa _build/nrf52832_xxaa/nrf_log_str_formatter.c.o
 *fill*         0x00030082        0x2 
 .rodata.m_detection_delay_timer_id
                0x00030084        0x4 _build/nrf52832_xxaa/app_button.c.o
 .rodata        0x00030088       0x19 _build/nrf52832_xxaa/app_error_weak.c.o
 *fill*         0x000300a1        0xf 
 .rodata.delay_machine_code.8744
                0x000300b0        0x6 _build/nrf52832_xxaa/app_timer.c.o
 *fill*         0x000300b6        0x2 
 .rodata._aV2C.7442
                0x000300b8       0x10 _build/nrf52832_xxaa/nrf_fprintf_format.c.o
 .rodata        0x000300c8        0x9 _build/nrf52832_xxaa/nrf_pwr_mgmt.c.o
 *fill*         0x000300d1        0x3 
 .rodata.pwr_mgmt_data
                0x000300d4        0xc _build/nrf52832_xxaa/nrf_pwr_mgmt.c.o
 .rodata.m_unknown_str
                0x000300e0       0x13 _build/nrf52832_xxaa/nrf_strerror.c.o
 *fill*         0x000300f3        0x1 
 .rodata        0x000300f4      0x3e9 _build/nrf52832_xxaa/nrf_strerror.c.o
 *fill*         0x000304dd        0x3 
 .rodata.nrf_strerror_array
                0x000304e0      0x128 _build/nrf52832_xxaa/nrf_strerror.c.o
 .rodata.m_board_led_list
                0x00030608        0x4 _build/nrf52832_xxaa/boards.c.o
 .rodata.m_board_btn_list
                0x0003060c        0x4 _build/nrf52832_xxaa/boards.c.o
 .rodata        0x00030610        0x6 _build/nrf52832_xxaa/nrf_drv_clock.c.o
 *fill*         0x00030616        0x2 
 .rodata        0x00030618        0x6 _build/nrf52832_xxaa/nrfx_clock.c.o
 *fill*         0x0003061e        0x2 
 .rodata        0x00030620        0x7 _build/nrf52832_xxaa/nrfx_gpiote.c.o
 *fill*         0x00030627        0x1 
 .rodata        0x00030628        0x4 _build/nrf52832_xxaa/nrfx_prs.c.o
 .rodata        0x0003062c        0x5 _build/nrf52832_xxaa/nrfx_uart.c.o
 *fill*         0x00030631        0x3 
 .rodata.irq_handlers.9245
                0x00030634        0x4 _build/nrf52832_xxaa/nrfx_uart.c.o
 .rodata        0x00030638        0x6 _build/nrf52832_xxaa/nrfx_uarte.c.o
 *fill*         0x0003063e        0x2 
 .rodata.irq_handlers.9287
                0x00030640        0x4 _build/nrf52832_xxaa/nrfx_uarte.c.o
 .rodata        0x00030644       0x88 _build/nrf52832_xxaa/main.c.o
 .rodata        0x000306cc      0x157 _build/nrf52832_xxaa/nrf_ble_gatt.c.o
 *fill*         0x00030823        0x1 
 .rodata        0x00030824       0x10 _build/nrf52832_xxaa/ble_lbs.c.o
 .rodata        0x00030834        0xc _build/nrf52832_xxaa/nrf_sdh.c.o
 .rodata.sdh_req_observers
                0x00030840        0xc _build/nrf52832_xxaa/nrf_sdh.c.o
 .rodata.sdh_state_observers
                0x0003084c        0xc _build/nrf52832_xxaa/nrf_sdh.c.o
 .rodata.sdh_stack_observers
                0x00030858        0xc _build/nrf52832_xxaa/nrf_sdh.c.o
 .rodata        0x00030864      0x241 _build/nrf52832_xxaa/nrf_sdh_ble.c.o
 *fill*         0x00030aa5        0x3 
 .rodata.sdh_ble_observers
                0x00030aa8        0xc _build/nrf52832_xxaa/nrf_sdh_ble.c.o
 .rodata        0x00030ab4        0xc _build/nrf52832_xxaa/nrf_sdh_soc.c.o
 .rodata.sdh_soc_observers
                0x00030ac0        0xc _build/nrf52832_xxaa/nrf_sdh_soc.c.o
 .rodata._global_impure_ptr
                0x00030acc        0x4 c:/program files (x86)/gnu tools arm embedded/7 2018-q2-update/bin/../lib/gcc/arm-none-eabi/7.3.1/../../../../arm-none-eabi/lib/thumb/v7e-m/fpv4-sp/hard\libc_nano.a(lib_a-impure.o)
                0x00030acc                _global_impure_ptr
 .rodata._setlocale_r.str1.1
                0x00030ad0        0x8 c:/program files (x86)/gnu tools arm embedded/7 2018-q2-update/bin/../lib/gcc/arm-none-eabi/7.3.1/../../../../arm-none-eabi/lib/thumb/v7e-m/fpv4-sp/hard\libc_nano.a(lib_a-locale.o)
                                  0x9 (size before relaxing)
 .rodata.str1.1
                0x00030ad8        0x2 c:/program files (x86)/gnu tools arm embedded/7 2018-q2-update/bin/../lib/gcc/arm-none-eabi/7.3.1/../../../../arm-none-eabi/lib/thumb/v7e-m/fpv4-sp/hard\libc_nano.a(lib_a-locale.o)
 .rodata._ctype_
                0x00030ada      0x101 c:/program files (x86)/gnu tools arm embedded/7 2018-q2-update/bin/../lib/gcc/arm-none-eabi/7.3.1/../../../../arm-none-eabi/lib/thumb/v7e-m/fpv4-sp/hard\libc_nano.a(lib_a-ctype_.o)
                0x00030ada                _ctype_
 *(.eh_frame*)
 *fill*         0x00030bdb        0x1 
 .eh_frame      0x00030bdc        0x0 c:/program files (x86)/gnu tools arm embedded/7 2018-q2-update/bin/../lib/gcc/arm-none-eabi/7.3.1/thumb/v7e-m/fpv4-sp/hard/crtbegin.o
 .eh_frame      0x00030bdc        0x4 c:/program files (x86)/gnu tools arm embedded/7 2018-q2-update/bin/../lib/gcc/arm-none-eabi/7.3.1/thumb/v7e-m/fpv4-sp/hard/crtend.o

.glue_7         0x00030be0        0x0
 .glue_7        0x00030be0        0x0 linker stubs

.glue_7t        0x00030be0        0x0
 .glue_7t       0x00030be0        0x0 linker stubs

.vfp11_veneer   0x00030be0        0x0
 .vfp11_veneer  0x00030be0        0x0 linker stubs

.v4_bx          0x00030be0        0x0
 .v4_bx         0x00030be0        0x0 linker stubs

.iplt           0x00030be0        0x0
 .iplt          0x00030be0        0x0 c:/program files (x86)/gnu tools arm embedded/7 2018-q2-update/bin/../lib/gcc/arm-none-eabi/7.3.1/thumb/v7e-m/fpv4-sp/hard/crtbegin.o

.mem_section_dummy_rom

.sdh_soc_observers
                0x00030be0        0x8
                0x00030be0                PROVIDE (__start_sdh_soc_observers = .)
 *(SORT_BY_NAME(.sdh_soc_observers*))
 .sdh_soc_observers0
                0x00030be0        0x8 _build/nrf52832_xxaa/nrf_drv_clock.c.o
                0x00030be8                PROVIDE (__stop_sdh_soc_observers = .)

.pwr_mgmt_data  0x00030be8        0x0
                0x00030be8                PROVIDE (__start_pwr_mgmt_data = .)
 *(SORT_BY_NAME(.pwr_mgmt_data*))
                0x00030be8                PROVIDE (__stop_pwr_mgmt_data = .)

.sdh_ble_observers
                0x00030be8       0x30
                0x00030be8                PROVIDE (__start_sdh_ble_observers = .)
 *(SORT_BY_NAME(.sdh_ble_observers*))
 .sdh_ble_observers0
                0x00030be8        0x8 _build/nrf52832_xxaa/ble_conn_state.c.o
 .sdh_ble_observers1
                0x00030bf0        0x8 _build/nrf52832_xxaa/main.c.o
 .sdh_ble_observers1
                0x00030bf8        0x8 _build/nrf52832_xxaa/ble_conn_params.c.o
 .sdh_ble_observers2
                0x00030c00       0x10 _build/nrf52832_xxaa/main.c.o
 .sdh_ble_observers3
                0x00030c10        0x8 _build/nrf52832_xxaa/main.c.o
                0x00030c18                PROVIDE (__stop_sdh_ble_observers = .)

.sdh_req_observers
                0x00030c18        0x0
                0x00030c18                PROVIDE (__start_sdh_req_observers = .)
 *(SORT_BY_NAME(.sdh_req_observers*))
                0x00030c18                PROVIDE (__stop_sdh_req_observers = .)

.sdh_state_observers
                0x00030c18        0x8
                0x00030c18                PROVIDE (__start_sdh_state_observers = .)
 *(SORT_BY_NAME(.sdh_state_observers*))
 .sdh_state_observers0
                0x00030c18        0x8 _build/nrf52832_xxaa/nrf_drv_clock.c.o
                0x00030c20                PROVIDE (__stop_sdh_state_observers = .)

.sdh_stack_observers
                0x00030c20       0x10
                0x00030c20                PROVIDE (__start_sdh_stack_observers = .)
 *(SORT_BY_NAME(.sdh_stack_observers*))
 .sdh_stack_observers0
                0x00030c20        0x8 _build/nrf52832_xxaa/nrf_sdh_ble.c.o
 .sdh_stack_observers0
                0x00030c28        0x8 _build/nrf52832_xxaa/nrf_sdh_soc.c.o
                0x00030c30                PROVIDE (__stop_sdh_stack_observers = .)

.nrf_queue      0x00030c30        0x0
                [!provide]                PROVIDE (__start_nrf_queue = .)
 *(.nrf_queue)
                [!provide]                PROVIDE (__stop_nrf_queue = .)

.nrf_balloc     0x00030c30       0x14
                [!provide]                PROVIDE (__start_nrf_balloc = .)
 *(.nrf_balloc)
 .nrf_balloc    0x00030c30       0x14 _build/nrf52832_xxaa/nrf_log_frontend.c.o
                0x00030c30                log_mempool
                [!provide]                PROVIDE (__stop_nrf_balloc = .)

.cli_command    0x00030c44        0x0
                [!provide]                PROVIDE (__start_cli_command = .)
 *(.cli_command)
                [!provide]                PROVIDE (__stop_cli_command = .)

.crypto_data    0x00030c44        0x0
                [!provide]                PROVIDE (__start_crypto_data = .)
 *(SORT_BY_NAME(.crypto_data*))
                [!provide]                PROVIDE (__stop_crypto_data = .)

.log_const_data
                0x00030c44       0x60
                0x00030c44                PROVIDE (__start_log_const_data = .)
 *(SORT_BY_NAME(.log_const_data*))
 .log_const_data_CLOCK
                0x00030c44        0x8 _build/nrf52832_xxaa/nrfx_clock.c.o
                0x00030c44                m_nrf_log_CLOCK_logs_data_const
 .log_const_data_GPIOTE
                0x00030c4c        0x8 _build/nrf52832_xxaa/nrfx_gpiote.c.o
                0x00030c4c                m_nrf_log_GPIOTE_logs_data_const
 .log_const_data_PRS
                0x00030c54        0x8 _build/nrf52832_xxaa/nrfx_prs.c.o
                0x00030c54                m_nrf_log_PRS_logs_data_const
 .log_const_data_UART
                0x00030c5c        0x8 _build/nrf52832_xxaa/nrfx_uart.c.o
                0x00030c5c                m_nrf_log_UART_logs_data_const
 .log_const_data_UARTE
                0x00030c64        0x8 _build/nrf52832_xxaa/nrfx_uarte.c.o
                0x00030c64                m_nrf_log_UARTE_logs_data_const
 .log_const_data_app
                0x00030c6c        0x8 _build/nrf52832_xxaa/nrf_log_frontend.c.o
                0x00030c6c                m_nrf_log_app_logs_data_const
 .log_const_data_clock
                0x00030c74        0x8 _build/nrf52832_xxaa/nrf_drv_clock.c.o
                0x00030c74                m_nrf_log_clock_logs_data_const
 .log_const_data_nrf_ble_gatt
                0x00030c7c        0x8 _build/nrf52832_xxaa/nrf_ble_gatt.c.o
                0x00030c7c                m_nrf_log_nrf_ble_gatt_logs_data_const
 .log_const_data_nrf_sdh
                0x00030c84        0x8 _build/nrf52832_xxaa/nrf_sdh.c.o
                0x00030c84                m_nrf_log_nrf_sdh_logs_data_const
 .log_const_data_nrf_sdh_ble
                0x00030c8c        0x8 _build/nrf52832_xxaa/nrf_sdh_ble.c.o
                0x00030c8c                m_nrf_log_nrf_sdh_ble_logs_data_const
 .log_const_data_nrf_sdh_soc
                0x00030c94        0x8 _build/nrf52832_xxaa/nrf_sdh_soc.c.o
                0x00030c94                m_nrf_log_nrf_sdh_soc_logs_data_const
 .log_const_data_pwr_mgmt
                0x00030c9c        0x8 _build/nrf52832_xxaa/nrf_pwr_mgmt.c.o
                0x00030c9c                m_nrf_log_pwr_mgmt_logs_data_const
                0x00030ca4                PROVIDE (__stop_log_const_data = .)

.log_backends   0x00030ca4       0x10
                [!provide]                PROVIDE (__start_log_backends = .)
 *(SORT_BY_NAME(.log_backends*))
 .log_backends  0x00030ca4       0x10 _build/nrf52832_xxaa/nrf_log_default_backends.c.o
                [!provide]                PROVIDE (__stop_log_backends = .)

.ARM.extab
 *(.ARM.extab* .gnu.linkonce.armextab.*)
                0x00030cb4                __exidx_start = .

.ARM.exidx      0x00030cb4        0x8
 *(.ARM.exidx* .gnu.linkonce.armexidx.*)
 .ARM.exidx     0x00030cb4        0x8 c:/program files (x86)/gnu tools arm embedded/7 2018-q2-update/bin/../lib/gcc/arm-none-eabi/7.3.1/../../../../arm-none-eabi/lib/thumb/v7e-m/fpv4-sp/hard/crt0.o
                0x00030cbc                __exidx_end = .
                0x00030cbc                __etext = .

.rel.dyn        0x00030cbc        0x0
 .rel.iplt      0x00030cbc        0x0 c:/program files (x86)/gnu tools arm embedded/7 2018-q2-update/bin/../lib/gcc/arm-none-eabi/7.3.1/thumb/v7e-m/fpv4-sp/hard/crtbegin.o

.data           0x200022b8      0x24c load address 0x00030cbc
                0x200022b8                __data_start__ = .
 *(vtable)
 *(.data*)
 .data.m_uart   0x200022b8       0x14 _build/nrf52832_xxaa/nrf_log_backend_uart.c.o
                0x200022b8                m_uart
 .data.log_backend_cb_uart_log_backend
                0x200022cc        0x8 _build/nrf52832_xxaa/nrf_log_default_backends.c.o
 .data.severity_names
                0x200022d4       0x14 _build/nrf52832_xxaa/nrf_log_str_formatter.c.o
 .data.m_colors
                0x200022e8       0x24 _build/nrf52832_xxaa/nrf_log_str_formatter.c.o
 .data.SystemCoreClock
                0x2000230c        0x4 _build/nrf52832_xxaa/system_nrf52.c.o
                0x2000230c                SystemCoreClock
 .data.m_conn_handle
                0x20002310        0x2 _build/nrf52832_xxaa/main.c.o
 .data.m_adv_handle
                0x20002312        0x1 _build/nrf52832_xxaa/main.c.o
 *fill*         0x20002313        0x1 
 .data.m_adv_data
                0x20002314       0x10 _build/nrf52832_xxaa/main.c.o
 .data.buttons.11280
                0x20002324        0x8 _build/nrf52832_xxaa/main.c.o
 .data._impure_ptr
                0x2000232c        0x4 c:/program files (x86)/gnu tools arm embedded/7 2018-q2-update/bin/../lib/gcc/arm-none-eabi/7.3.1/../../../../arm-none-eabi/lib/thumb/v7e-m/fpv4-sp/hard\libc_nano.a(lib_a-impure.o)
                0x2000232c                _impure_ptr
 .data.impure_data
                0x20002330       0x60 c:/program files (x86)/gnu tools arm embedded/7 2018-q2-update/bin/../lib/gcc/arm-none-eabi/7.3.1/../../../../arm-none-eabi/lib/thumb/v7e-m/fpv4-sp/hard\libc_nano.a(lib_a-impure.o)
 .data.__global_locale
                0x20002390      0x16c c:/program files (x86)/gnu tools arm embedded/7 2018-q2-update/bin/../lib/gcc/arm-none-eabi/7.3.1/../../../../arm-none-eabi/lib/thumb/v7e-m/fpv4-sp/hard\libc_nano.a(lib_a-locale.o)
                0x20002390                __global_locale
                0x200024fc                . = ALIGN (0x4)
                0x200024fc                PROVIDE (__preinit_array_start = .)
 *(.preinit_array)
                0x200024fc                PROVIDE (__preinit_array_end = .)
                0x200024fc                . = ALIGN (0x4)
                0x200024fc                PROVIDE (__init_array_start = .)
 *(SORT_BY_NAME(.init_array.*))
 *(.init_array)
 .init_array    0x200024fc        0x4 c:/program files (x86)/gnu tools arm embedded/7 2018-q2-update/bin/../lib/gcc/arm-none-eabi/7.3.1/thumb/v7e-m/fpv4-sp/hard/crtbegin.o
                0x20002500                PROVIDE (__init_array_end = .)
                0x20002500                . = ALIGN (0x4)
                [!provide]                PROVIDE (__fini_array_start = .)
 *(SORT_BY_NAME(.fini_array.*))
 *(.fini_array)
 .fini_array    0x20002500        0x4 c:/program files (x86)/gnu tools arm embedded/7 2018-q2-update/bin/../lib/gcc/arm-none-eabi/7.3.1/thumb/v7e-m/fpv4-sp/hard/crtbegin.o
                [!provide]                PROVIDE (__fini_array_end = .)
 *(.jcr*)
                0x20002504                . = ALIGN (0x4)
                0x20002504                __data_end__ = .
LOAD c:/program files (x86)/gnu tools arm embedded/7 2018-q2-update/bin/../lib/gcc/arm-none-eabi/7.3.1/thumb/v7e-m/fpv4-sp/hard/crti.o
LOAD c:/program files (x86)/gnu tools arm embedded/7 2018-q2-update/bin/../lib/gcc/arm-none-eabi/7.3.1/thumb/v7e-m/fpv4-sp/hard/crtbegin.o
LOAD c:/program files (x86)/gnu tools arm embedded/7 2018-q2-update/bin/../lib/gcc/arm-none-eabi/7.3.1/../../../../arm-none-eabi/lib/thumb/v7e-m/fpv4-sp/hard/crt0.o
LOAD _build/nrf52832_xxaa/gcc_startup_nrf52.S.o
LOAD _build/nrf52832_xxaa/nrf_log_backend_rtt.c.o
LOAD _build/nrf52832_xxaa/nrf_log_backend_serial.c.o
LOAD _build/nrf52832_xxaa/nrf_log_backend_uart.c.o
LOAD _build/nrf52832_xxaa/nrf_log_default_backends.c.o
LOAD _build/nrf52832_xxaa/nrf_log_frontend.c.o
LOAD _build/nrf52832_xxaa/nrf_log_str_formatter.c.o
LOAD _build/nrf52832_xxaa/app_button.c.o
LOAD _build/nrf52832_xxaa/app_error.c.o
LOAD _build/nrf52832_xxaa/app_error_handler_gcc.c.o
LOAD _build/nrf52832_xxaa/app_error_weak.c.o
LOAD _build/nrf52832_xxaa/app_scheduler.c.o
LOAD _build/nrf52832_xxaa/app_timer.c.o
LOAD _build/nrf52832_xxaa/app_util_platform.c.o
LOAD _build/nrf52832_xxaa/hardfault_implementation.c.o
LOAD _build/nrf52832_xxaa/nrf_assert.c.o
LOAD _build/nrf52832_xxaa/nrf_atfifo.c.o
LOAD _build/nrf52832_xxaa/nrf_atflags.c.o
LOAD _build/nrf52832_xxaa/nrf_atomic.c.o
LOAD _build/nrf52832_xxaa/nrf_balloc.c.o
LOAD _build/nrf52832_xxaa/nrf_fprintf.c.o
LOAD _build/nrf52832_xxaa/nrf_fprintf_format.c.o
LOAD _build/nrf52832_xxaa/nrf_memobj.c.o
LOAD _build/nrf52832_xxaa/nrf_pwr_mgmt.c.o
LOAD _build/nrf52832_xxaa/nrf_ringbuf.c.o
LOAD _build/nrf52832_xxaa/nrf_section_iter.c.o
LOAD _build/nrf52832_xxaa/nrf_strerror.c.o
LOAD _build/nrf52832_xxaa/system_nrf52.c.o
LOAD _build/nrf52832_xxaa/boards.c.o
LOAD _build/nrf52832_xxaa/nrf_drv_clock.c.o
LOAD _build/nrf52832_xxaa/nrf_drv_uart.c.o
LOAD _build/nrf52832_xxaa/nrfx_atomic.c.o
LOAD _build/nrf52832_xxaa/nrfx_clock.c.o
LOAD _build/nrf52832_xxaa/nrfx_gpiote.c.o
LOAD _build/nrf52832_xxaa/nrfx_prs.c.o
LOAD _build/nrf52832_xxaa/nrfx_uart.c.o
LOAD _build/nrf52832_xxaa/nrfx_uarte.c.o
LOAD _build/nrf52832_xxaa/main.c.o
LOAD _build/nrf52832_xxaa/SEGGER_RTT.c.o
LOAD _build/nrf52832_xxaa/SEGGER_RTT_Syscalls_GCC.c.o
LOAD _build/nrf52832_xxaa/SEGGER_RTT_printf.c.o
LOAD _build/nrf52832_xxaa/ble_advdata.c.o
LOAD _build/nrf52832_xxaa/ble_conn_params.c.o
LOAD _build/nrf52832_xxaa/ble_conn_state.c.o
LOAD _build/nrf52832_xxaa/ble_srv_common.c.o
LOAD _build/nrf52832_xxaa/nrf_ble_gatt.c.o
LOAD _build/nrf52832_xxaa/nrf_ble_qwr.c.o
LOAD _build/nrf52832_xxaa/utf.c.o
LOAD _build/nrf52832_xxaa/ble_lbs.c.o
LOAD _build/nrf52832_xxaa/nrf_sdh.c.o
LOAD _build/nrf52832_xxaa/nrf_sdh_ble.c.o
LOAD _build/nrf52832_xxaa/nrf_sdh_soc.c.o
LOAD c:/program files (x86)/gnu tools arm embedded/7 2018-q2-update/bin/../lib/gcc/arm-none-eabi/7.3.1/../../../../arm-none-eabi/lib/thumb/v7e-m/fpv4-sp/hard\libc_nano.a
LOAD c:/program files (x86)/gnu tools arm embedded/7 2018-q2-update/bin/../lib/gcc/arm-none-eabi/7.3.1/../../../../arm-none-eabi/lib/thumb/v7e-m/fpv4-sp/hard\libnosys.a
LOAD c:/program files (x86)/gnu tools arm embedded/7 2018-q2-update/bin/../lib/gcc/arm-none-eabi/7.3.1/../../../../arm-none-eabi/lib/thumb/v7e-m/fpv4-sp/hard\libm.a
START GROUP
LOAD c:/program files (x86)/gnu tools arm embedded/7 2018-q2-update/bin/../lib/gcc/arm-none-eabi/7.3.1/thumb/v7e-m/fpv4-sp/hard\libgcc.a
LOAD c:/program files (x86)/gnu tools arm embedded/7 2018-q2-update/bin/../lib/gcc/arm-none-eabi/7.3.1/../../../../arm-none-eabi/lib/thumb/v7e-m/fpv4-sp/hard\libg_nano.a
LOAD c:/program files (x86)/gnu tools arm embedded/7 2018-q2-update/bin/../lib/gcc/arm-none-eabi/7.3.1/../../../../arm-none-eabi/lib/thumb/v7e-m/fpv4-sp/hard\libc_nano.a
END GROUP
START GROUP
LOAD c:/program files (x86)/gnu tools arm embedded/7 2018-q2-update/bin/../lib/gcc/arm-none-eabi/7.3.1/thumb/v7e-m/fpv4-sp/hard\libgcc.a
LOAD c:/program files (x86)/gnu tools arm embedded/7 2018-q2-update/bin/../lib/gcc/arm-none-eabi/7.3.1/../../../../arm-none-eabi/lib/thumb/v7e-m/fpv4-sp/hard\libc_nano.a
END GROUP
LOAD c:/program files (x86)/gnu tools arm embedded/7 2018-q2-update/bin/../lib/gcc/arm-none-eabi/7.3.1/thumb/v7e-m/fpv4-sp/hard/crtend.o
LOAD c:/program files (x86)/gnu tools arm embedded/7 2018-q2-update/bin/../lib/gcc/arm-none-eabi/7.3.1/thumb/v7e-m/fpv4-sp/hard/crtn.o
START GROUP
LOAD c:/program files (x86)/gnu tools arm embedded/7 2018-q2-update/bin/../lib/gcc/arm-none-eabi/7.3.1/thumb/v7e-m/fpv4-sp/hard\libgcc.a
LOAD c:/program files (x86)/gnu tools arm embedded/7 2018-q2-update/bin/../lib/gcc/arm-none-eabi/7.3.1/../../../../arm-none-eabi/lib/thumb/v7e-m/fpv4-sp/hard\libc.a
LOAD c:/program files (x86)/gnu tools arm embedded/7 2018-q2-update/bin/../lib/gcc/arm-none-eabi/7.3.1/../../../../arm-none-eabi/lib/thumb/v7e-m/fpv4-sp/hard\libnosys.a
END GROUP

.igot.plt       0x20002504        0x0 load address 0x00030f08
 .igot.plt      0x20002504        0x0 c:/program files (x86)/gnu tools arm embedded/7 2018-q2-update/bin/../lib/gcc/arm-none-eabi/7.3.1/thumb/v7e-m/fpv4-sp/hard/crtbegin.o
                0x20002504                . = ALIGN (0x4)

.mem_section_dummy_ram

.cli_sorted_cmd_ptrs
                0x20002504        0x0
                [!provide]                PROVIDE (__start_cli_sorted_cmd_ptrs = .)
 *(.cli_sorted_cmd_ptrs)
                [!provide]                PROVIDE (__stop_cli_sorted_cmd_ptrs = .)

.fs_data        0x20002504        0x0
                [!provide]                PROVIDE (__start_fs_data = .)
 *(.fs_data)
                [!provide]                PROVIDE (__stop_fs_data = .)

.log_dynamic_data
                0x20002504        0x0
                0x20002504                PROVIDE (__start_log_dynamic_data = .)
 *(SORT_BY_NAME(.log_dynamic_data*))
                [!provide]                PROVIDE (__stop_log_dynamic_data = .)

.log_filter_data
                0x20002504        0x0
                [!provide]                PROVIDE (__start_log_filter_data = .)
 *(SORT_BY_NAME(.log_filter_data*))
                [!provide]                PROVIDE (__stop_log_filter_data = .)

.bss            0x20002508      0x98c load address 0x00030f10
                0x20002508                . = ALIGN (0x4)
                0x20002508                __bss_start__ = .
 *(.bss*)
 .bss           0x20002508       0x1c c:/program files (x86)/gnu tools arm embedded/7 2018-q2-update/bin/../lib/gcc/arm-none-eabi/7.3.1/thumb/v7e-m/fpv4-sp/hard/crtbegin.o
 .bss.m_string_buff
                0x20002524       0x40 _build/nrf52832_xxaa/nrf_log_backend_uart.c.o
 .bss.m_xfer_done
                0x20002564        0x1 _build/nrf52832_xxaa/nrf_log_backend_uart.c.o
 .bss.m_async_mode
                0x20002565        0x1 _build/nrf52832_xxaa/nrf_log_backend_uart.c.o
 *fill*         0x20002566        0x2 
 .bss.log_mempool_nrf_balloc_pool_stack
                0x20002568        0x8 _build/nrf52832_xxaa/nrf_log_frontend.c.o
 .bss.log_mempool_nrf_balloc_pool_mem
                0x20002570       0xc0 _build/nrf52832_xxaa/nrf_log_frontend.c.o
 .bss.log_mempool_nrf_balloc_cb
                0x20002630        0x8 _build/nrf52832_xxaa/nrf_log_frontend.c.o
 .bss.m_log_push_ringbuf_buf
                0x20002638       0x80 _build/nrf52832_xxaa/nrf_log_frontend.c.o
 .bss.m_log_push_ringbuf_cb
                0x200026b8       0x18 _build/nrf52832_xxaa/nrf_log_frontend.c.o
 .bss.m_log_data
                0x200026d0      0x424 _build/nrf52832_xxaa/nrf_log_frontend.c.o
 .bss.mp_buttons
                0x20002af4        0x4 _build/nrf52832_xxaa/app_button.c.o
 .bss.m_button_count
                0x20002af8        0x1 _build/nrf52832_xxaa/app_button.c.o
 *fill*         0x20002af9        0x3 
 .bss.m_detection_delay
                0x20002afc        0x4 _build/nrf52832_xxaa/app_button.c.o
 .bss.m_detection_delay_timer_id_data
                0x20002b00       0x20 _build/nrf52832_xxaa/app_button.c.o
 .bss.m_pin_state
                0x20002b20        0x8 _build/nrf52832_xxaa/app_button.c.o
 .bss.m_pin_transition
                0x20002b28        0x8 _build/nrf52832_xxaa/app_button.c.o
 .bss.m_op_queue
                0x20002b30      0x10c _build/nrf52832_xxaa/app_timer.c.o
 .bss.mp_timer_id_head
                0x20002c3c        0x4 _build/nrf52832_xxaa/app_timer.c.o
 .bss.m_ticks_latest
                0x20002c40        0x4 _build/nrf52832_xxaa/app_timer.c.o
 .bss.m_ticks_elapsed
                0x20002c44        0x8 _build/nrf52832_xxaa/app_timer.c.o
 .bss.m_ticks_elapsed_q_read_ind
                0x20002c4c        0x1 _build/nrf52832_xxaa/app_timer.c.o
 .bss.m_ticks_elapsed_q_write_ind
                0x20002c4d        0x1 _build/nrf52832_xxaa/app_timer.c.o
 .bss.m_rtc1_running
                0x20002c4e        0x1 _build/nrf52832_xxaa/app_timer.c.o
 .bss.m_rtc1_reset
                0x20002c4f        0x1 _build/nrf52832_xxaa/app_timer.c.o
 .bss.m_sysoff_mtx
                0x20002c50        0x4 _build/nrf52832_xxaa/nrf_pwr_mgmt.c.o
 .bss.m_shutdown_started
                0x20002c54        0x1 _build/nrf52832_xxaa/nrf_pwr_mgmt.c.o
 *fill*         0x20002c55        0x3 
 .bss.m_handlers_iter
                0x20002c58        0x8 _build/nrf52832_xxaa/nrf_pwr_mgmt.c.o
 .bss.m_clock_cb
                0x20002c60       0x14 _build/nrf52832_xxaa/nrf_drv_clock.c.o
 .bss.m_handlers
                0x20002c74        0x4 _build/nrf52832_xxaa/nrf_drv_uart.c.o
 .bss.m_contexts
                0x20002c78        0x4 _build/nrf52832_xxaa/nrf_drv_uart.c.o
 .bss.m_clock_cb
                0x20002c7c        0x8 _build/nrf52832_xxaa/nrfx_clock.c.o
 .bss.m_cb      0x20002c84       0x5c _build/nrf52832_xxaa/nrfx_gpiote.c.o
 .bss.m_prs_box_4
                0x20002ce0        0x8 _build/nrf52832_xxaa/nrfx_prs.c.o
 .bss.m_cb      0x20002ce8       0x2c _build/nrf52832_xxaa/nrfx_uart.c.o
 .bss.m_cb      0x20002d14       0x24 _build/nrf52832_xxaa/nrfx_uarte.c.o
 .bss.m_lbs     0x20002d38       0x18 _build/nrf52832_xxaa/main.c.o
 .bss.m_gatt    0x20002d50       0x14 _build/nrf52832_xxaa/main.c.o
 .bss.m_qwr     0x20002d64        0xc _build/nrf52832_xxaa/main.c.o
 .bss.m_enc_advdata
                0x20002d70       0x1f _build/nrf52832_xxaa/main.c.o
 *fill*         0x20002d8f        0x1 
 .bss.m_enc_scan_response_data
                0x20002d90       0x1f _build/nrf52832_xxaa/main.c.o
 *fill*         0x20002daf        0x1 
 .bss.m_timer_data
                0x20002db0       0x20 _build/nrf52832_xxaa/ble_conn_params.c.o
 .bss.m_conn_params_instances
                0x20002dd0       0x14 _build/nrf52832_xxaa/ble_conn_params.c.o
 .bss.m_conn_params_config
                0x20002de4       0x1c _build/nrf52832_xxaa/ble_conn_params.c.o
 .bss.m_preferred_conn_params
                0x20002e00        0x8 _build/nrf52832_xxaa/ble_conn_params.c.o
 .bss.m_bcs     0x20002e08       0x78 _build/nrf52832_xxaa/ble_conn_state.c.o
 .bss.m_nrf_sdh_enabled
                0x20002e80        0x1 _build/nrf52832_xxaa/nrf_sdh.c.o
 .bss.m_nrf_sdh_suspended
                0x20002e81        0x1 _build/nrf52832_xxaa/nrf_sdh.c.o
 .bss.m_nrf_sdh_continue
                0x20002e82        0x1 _build/nrf52832_xxaa/nrf_sdh.c.o
 .bss.m_stack_is_enabled
                0x20002e83        0x1 _build/nrf52832_xxaa/nrf_sdh_ble.c.o
 *(COMMON)
 COMMON         0x20002e84        0xc _build/nrf52832_xxaa/app_util_platform.c.o
                0x20002e84                nrf_nvic_state
 COMMON         0x20002e90        0x1 _build/nrf52832_xxaa/nrf_drv_uart.c.o
                0x20002e90                nrf_drv_uart_use_easy_dma
                0x20002e94                . = ALIGN (0x4)
 *fill*         0x20002e91        0x3 
                0x20002e94                __bss_end__ = .

.heap           0x20002e98     0x2000
                0x20002e98                __HeapBase = .
                0x20002e98                __end__ = .
                [!provide]                PROVIDE (end = .)
 *(.heap*)
 .heap          0x20002e98     0x2000 _build/nrf52832_xxaa/gcc_startup_nrf52.S.o
                0x20004e98                __HeapLimit = .

.stack_dummy    0x20002e98     0x2000
 *(.stack*)
 .stack         0x20002e98     0x2000 _build/nrf52832_xxaa/gcc_startup_nrf52.S.o
                0x20010000                __StackTop = (ORIGIN (RAM) + LENGTH (RAM))
                0x2000e000                __StackLimit = (__StackTop - SIZEOF (.stack_dummy))
                0x20010000                PROVIDE (__stack = __StackTop)
                0x00000001                ASSERT ((__StackLimit >= __HeapLimit), region RAM overflowed with stack)
                0x00000250                DataInitFlashUsed = (__bss_start__ - __data_start__)
                0x0000acbc                CodeFlashUsed = (__etext - ORIGIN (FLASH))
                0x0000af0c                TotalFlashUsed = (CodeFlashUsed + DataInitFlashUsed)
                0x00000001                ASSERT ((TotalFlashUsed <= LENGTH (FLASH)), region FLASH overflowed with .data and user data)
OUTPUT(_build/nrf52832_xxaa.out elf32-littlearm)

.ARM.attributes
                0x00000000       0x30
 .ARM.attributes
                0x00000000       0x22 c:/program files (x86)/gnu tools arm embedded/7 2018-q2-update/bin/../lib/gcc/arm-none-eabi/7.3.1/thumb/v7e-m/fpv4-sp/hard/crti.o
 .ARM.attributes
                0x00000022       0x34 c:/program files (x86)/gnu tools arm embedded/7 2018-q2-update/bin/../lib/gcc/arm-none-eabi/7.3.1/thumb/v7e-m/fpv4-sp/hard/crtbegin.o
 .ARM.attributes
                0x00000056       0x20 c:/program files (x86)/gnu tools arm embedded/7 2018-q2-update/bin/../lib/gcc/arm-none-eabi/7.3.1/../../../../arm-none-eabi/lib/thumb/v7e-m/fpv4-sp/hard/crt0.o
 .ARM.attributes
                0x00000076       0x20 _build/nrf52832_xxaa/gcc_startup_nrf52.S.o
 .ARM.attributes
                0x00000096       0x39 _build/nrf52832_xxaa/nrf_log_backend_serial.c.o
 .ARM.attributes
                0x000000cf       0x39 _build/nrf52832_xxaa/nrf_log_backend_uart.c.o
 .ARM.attributes
                0x00000108       0x39 _build/nrf52832_xxaa/nrf_log_default_backends.c.o
 .ARM.attributes
                0x00000141       0x39 _build/nrf52832_xxaa/nrf_log_frontend.c.o
 .ARM.attributes
                0x0000017a       0x39 _build/nrf52832_xxaa/nrf_log_str_formatter.c.o
 .ARM.attributes
                0x000001b3       0x39 _build/nrf52832_xxaa/app_button.c.o
 .ARM.attributes
                0x000001ec       0x39 _build/nrf52832_xxaa/app_error.c.o
 .ARM.attributes
                0x00000225       0x39 _build/nrf52832_xxaa/app_error_weak.c.o
 .ARM.attributes
                0x0000025e       0x39 _build/nrf52832_xxaa/app_timer.c.o
 .ARM.attributes
                0x00000297       0x39 _build/nrf52832_xxaa/app_util_platform.c.o
 .ARM.attributes
                0x000002d0       0x39 _build/nrf52832_xxaa/nrf_atflags.c.o
 .ARM.attributes
                0x00000309       0x39 _build/nrf52832_xxaa/nrf_atomic.c.o
 .ARM.attributes
                0x00000342       0x39 _build/nrf52832_xxaa/nrf_balloc.c.o
 .ARM.attributes
                0x0000037b       0x39 _build/nrf52832_xxaa/nrf_fprintf.c.o
 .ARM.attributes
                0x000003b4       0x39 _build/nrf52832_xxaa/nrf_fprintf_format.c.o
 .ARM.attributes
                0x000003ed       0x39 _build/nrf52832_xxaa/nrf_memobj.c.o
 .ARM.attributes
                0x00000426       0x39 _build/nrf52832_xxaa/nrf_pwr_mgmt.c.o
 .ARM.attributes
                0x0000045f       0x39 _build/nrf52832_xxaa/nrf_ringbuf.c.o
 .ARM.attributes
                0x00000498       0x39 _build/nrf52832_xxaa/nrf_section_iter.c.o
 .ARM.attributes
                0x000004d1       0x39 _build/nrf52832_xxaa/nrf_strerror.c.o
 .ARM.attributes
                0x0000050a       0x39 _build/nrf52832_xxaa/system_nrf52.c.o
 .ARM.attributes
                0x00000543       0x39 _build/nrf52832_xxaa/boards.c.o
 .ARM.attributes
                0x0000057c       0x39 _build/nrf52832_xxaa/nrf_drv_clock.c.o
 .ARM.attributes
                0x000005b5       0x39 _build/nrf52832_xxaa/nrf_drv_uart.c.o
 .ARM.attributes
                0x000005ee       0x39 _build/nrf52832_xxaa/nrfx_clock.c.o
 .ARM.attributes
                0x00000627       0x39 _build/nrf52832_xxaa/nrfx_gpiote.c.o
 .ARM.attributes
                0x00000660       0x39 _build/nrf52832_xxaa/nrfx_prs.c.o
 .ARM.attributes
                0x00000699       0x39 _build/nrf52832_xxaa/nrfx_uart.c.o
 .ARM.attributes
                0x000006d2       0x39 _build/nrf52832_xxaa/nrfx_uarte.c.o
 .ARM.attributes